Component: ARM Compiler 5.06 update 7 (build 960) Tool: armlink [4d3601]

==============================================================================

Section Cross References

    main.o(i.HAL_GPIO_EXTI_Callback) refers to key.o(i.key_onExti) for key_onExti
    main.o(i.HAL_TIM_PeriodElapsedCallback) refers to encoder.o(i.encoder_read_info_10ms) for encoder_read_info_10ms
    main.o(i.HAL_TIM_PeriodElapsedCallback) refers to control.o(i.control_run_10ms) for control_run_10ms
    main.o(i.HAL_UARTEx_RxEventCallback) refers to maixcam.o(i.Maixcam_onRxEvent) for Maixcam_onRxEvent
    main.o(i.SystemClock_Config) refers to memseta.o(.text) for __aeabi_memclr4
    main.o(i.SystemClock_Config) refers to stm32f4xx_hal_rcc.o(i.HAL_RCC_OscConfig) for HAL_RCC_OscConfig
    main.o(i.SystemClock_Config) refers to stm32f4xx_hal_rcc.o(i.HAL_RCC_ClockConfig) for HAL_RCC_ClockConfig
    main.o(i.main) refers to stm32f4xx_hal.o(i.HAL_Init) for HAL_Init
    main.o(i.main) refers to main.o(i.SystemClock_Config) for SystemClock_Config
    main.o(i.main) refers to gpio.o(i.MX_GPIO_Init) for MX_GPIO_Init
    main.o(i.main) refers to dma.o(i.MX_DMA_Init) for MX_DMA_Init
    main.o(i.main) refers to usart.o(i.MX_USART1_UART_Init) for MX_USART1_UART_Init
    main.o(i.main) refers to usart.o(i.MX_USART2_UART_Init) for MX_USART2_UART_Init
    main.o(i.main) refers to usart.o(i.MX_USART6_UART_Init) for MX_USART6_UART_Init
    main.o(i.main) refers to usart.o(i.MX_UART5_Init) for MX_UART5_Init
    main.o(i.main) refers to tim.o(i.MX_TIM1_Init) for MX_TIM1_Init
    main.o(i.main) refers to tim.o(i.MX_TIM4_Init) for MX_TIM4_Init
    main.o(i.main) refers to tim.o(i.MX_TIM5_Init) for MX_TIM5_Init
    main.o(i.main) refers to tim.o(i.MX_TIM7_Init) for MX_TIM7_Init
    main.o(i.main) refers to maixcam.o(i.Maixcam_init) for Maixcam_init
    main.o(i.main) refers to encoder.o(i.encoder_init) for encoder_init
    main.o(i.main) refers to motor.o(i.motor_start) for motor_start
    main.o(i.main) refers to motor.o(i.motor_load) for motor_load
    main.o(i.main) refers to stm32f4xx_hal_tim.o(i.HAL_TIM_Base_Start_IT) for HAL_TIM_Base_Start_IT
    main.o(i.main) refers to task.o(i.car_task_start) for car_task_start
    main.o(i.main) refers to task.o(i.car_task_run) for car_task_run
    main.o(i.main) refers to tim.o(.bss) for htim7
    main.o(i.main) refers to key.o(.data) for car_start_request
    gpio.o(i.MX_GPIO_Init) refers to memseta.o(.text) for __aeabi_memclr4
    gpio.o(i.MX_GPIO_Init) refers to stm32f4xx_hal_gpio.o(i.HAL_GPIO_Init) for HAL_GPIO_Init
    gpio.o(i.MX_GPIO_Init) refers to stm32f4xx_hal_cortex.o(i.HAL_NVIC_SetPriority) for HAL_NVIC_SetPriority
    gpio.o(i.MX_GPIO_Init) refers to stm32f4xx_hal_cortex.o(i.HAL_NVIC_EnableIRQ) for HAL_NVIC_EnableIRQ
    dma.o(i.MX_DMA_Init) refers to stm32f4xx_hal_cortex.o(i.HAL_NVIC_SetPriority) for HAL_NVIC_SetPriority
    dma.o(i.MX_DMA_Init) refers to stm32f4xx_hal_cortex.o(i.HAL_NVIC_EnableIRQ) for HAL_NVIC_EnableIRQ
    tim.o(i.HAL_TIM_Base_MspDeInit) refers to stm32f4xx_hal_cortex.o(i.HAL_NVIC_DisableIRQ) for HAL_NVIC_DisableIRQ
    tim.o(i.HAL_TIM_Base_MspInit) refers to stm32f4xx_hal_cortex.o(i.HAL_NVIC_SetPriority) for HAL_NVIC_SetPriority
    tim.o(i.HAL_TIM_Base_MspInit) refers to stm32f4xx_hal_cortex.o(i.HAL_NVIC_EnableIRQ) for HAL_NVIC_EnableIRQ
    tim.o(i.HAL_TIM_Encoder_MspDeInit) refers to stm32f4xx_hal_gpio.o(i.HAL_GPIO_DeInit) for HAL_GPIO_DeInit
    tim.o(i.HAL_TIM_Encoder_MspDeInit) refers to stm32f4xx_hal_cortex.o(i.HAL_NVIC_DisableIRQ) for HAL_NVIC_DisableIRQ
    tim.o(i.HAL_TIM_Encoder_MspInit) refers to memseta.o(.text) for __aeabi_memclr4
    tim.o(i.HAL_TIM_Encoder_MspInit) refers to stm32f4xx_hal_gpio.o(i.HAL_GPIO_Init) for HAL_GPIO_Init
    tim.o(i.HAL_TIM_Encoder_MspInit) refers to stm32f4xx_hal_cortex.o(i.HAL_NVIC_SetPriority) for HAL_NVIC_SetPriority
    tim.o(i.HAL_TIM_Encoder_MspInit) refers to stm32f4xx_hal_cortex.o(i.HAL_NVIC_EnableIRQ) for HAL_NVIC_EnableIRQ
    tim.o(i.HAL_TIM_MspPostInit) refers to memseta.o(.text) for __aeabi_memclr4
    tim.o(i.HAL_TIM_MspPostInit) refers to stm32f4xx_hal_gpio.o(i.HAL_GPIO_Init) for HAL_GPIO_Init
    tim.o(i.MX_TIM1_Init) refers to memseta.o(.text) for __aeabi_memclr4
    tim.o(i.MX_TIM1_Init) refers to stm32f4xx_hal_tim.o(i.HAL_TIM_Base_Init) for HAL_TIM_Base_Init
    tim.o(i.MX_TIM1_Init) refers to main.o(i.Error_Handler) for Error_Handler
    tim.o(i.MX_TIM1_Init) refers to stm32f4xx_hal_tim.o(i.HAL_TIM_ConfigClockSource) for HAL_TIM_ConfigClockSource
    tim.o(i.MX_TIM1_Init) refers to stm32f4xx_hal_tim.o(i.HAL_TIM_PWM_Init) for HAL_TIM_PWM_Init
    tim.o(i.MX_TIM1_Init) refers to stm32f4xx_hal_tim_ex.o(i.HAL_TIMEx_MasterConfigSynchronization) for HAL_TIMEx_MasterConfigSynchronization
    tim.o(i.MX_TIM1_Init) refers to stm32f4xx_hal_tim.o(i.HAL_TIM_PWM_ConfigChannel) for HAL_TIM_PWM_ConfigChannel
[...]
    ../clib/microlib/printf/printf.c         0x00000000   Number         0  printf7.o ABSOLUTE
    ../clib/microlib/printf/printf.c         0x00000000   Number         0  printf6.o ABSOLUTE
    ../clib/microlib/printf/printf.c         0x00000000   Number         0  printf5.o ABSOLUTE
    ../clib/microlib/printf/printf.c         0x00000000   Number         0  printf4.o ABSOLUTE
    ../clib/microlib/printf/printf.c         0x00000000   Number         0  printf3.o ABSOLUTE
    ../clib/microlib/printf/stubs.s          0x00000000   Number         0  stubs.o ABSOLUTE
    ../clib/microlib/stdio/streams.c         0x00000000   Number         0  stdout.o ABSOLUTE
    ../clib/microlib/string/memcpy.c         0x00000000   Number         0  memcpyb.o ABSOLUTE
    ../clib/microlib/string/memcpy.c         0x00000000   Number         0  memcpya.o ABSOLUTE
    ../clib/microlib/string/memset.c         0x00000000   Number         0  memseta.o ABSOLUTE
    ../clib/microlib/string/strcmp.c         0x00000000   Number         0  strcmp.o ABSOLUTE
    ../clib/microlib/stubs.s                 0x00000000   Number         0  iusefp.o ABSOLUTE
    ../clib/scanf.c                          0x00000000   Number         0  _scanf.o ABSOLUTE
    ../clib/scanf.c                          0x00000000   Number         0  _scanf_int.o ABSOLUTE
    ../clib/scanf.c                          0x00000000   Number         0  _chval.o ABSOLUTE
    ../clib/scanf.c                          0x00000000   Number         0  scanf_char.o ABSOLUTE
    ../clib/scanf.c                          0x00000000   Number         0  __0sscanf.o ABSOLUTE
    ../clib/scanf.c                          0x00000000   Number         0  _sgetc.o ABSOLUTE
    ../clib/scanf.c                          0x00000000   Number         0  _scanf_str.o ABSOLUTE
    ../fplib/microlib/f2d.c                  0x00000000   Number         0  f2d.o ABSOLUTE
    ../fplib/microlib/fpadd.c                0x00000000   Number         0  dadd.o ABSOLUTE
    ../fplib/microlib/fpdiv.c                0x00000000   Number         0  ddiv.o ABSOLUTE
    ../fplib/microlib/fpepilogue.c           0x00000000   Number         0  depilogue.o ABSOLUTE
    ../fplib/microlib/fpfix.c                0x00000000   Number         0  dfixul.o ABSOLUTE
    ../fplib/microlib/fpmul.c                0x00000000   Number         0  dmul.o ABSOLUTE
    ..\APP\control.c                         0x00000000   Number         0  control.o ABSOLUTE
    ..\APP\task.c                            0x00000000   Number         0  task.o ABSOLUTE
    ..\BSP\encoder.c                         0x00000000   Number         0  encoder.o ABSOLUTE
    ..\BSP\key.c                             0x00000000   Number         0  key.o ABSOLUTE
    ..\BSP\maixcam.c                         0x00000000   Number         0  maixcam.o ABSOLUTE
    ..\BSP\motor.c                           0x00000000   Number         0  motor.o ABSOLUTE
    ..\Core\Src\dma.c                        0x00000000   Number         0  dma.o ABSOLUTE
    ..\Core\Src\gpio.c                       0x00000000   Number         0  gpio.o ABSOLUTE
    ..\Core\Src\main.c                       0x00000000   Number         0  main.o ABSOLUTE
    ..\Core\Src\stm32f4xx_hal_msp.c          0x00000000   Number         0  stm32f4xx_hal_msp.o ABSOLUTE
    ..\Core\Src\stm32f4xx_it.c               0x00000000   Number         0  stm32f4xx_it.o ABSOLUTE
    ..\Core\Src\system_stm32f4xx.c           0x00000000   Number         0  system_stm32f4xx.o ABSOLUTE
    ..\Core\Src\tim.c                        0x00000000   Number         0  tim.o ABSOLUTE
    ..\Core\Src\usart.c                      0x00000000   Number         0  usart.o ABSOLUTE
    ..\Drivers\STM32F4xx_HAL_Driver\Src\stm32f4xx_hal.c 0x00000000   Number         0  stm32f4xx_hal.o ABSOLUTE
    ..\Drivers\STM32F4xx_HAL_Driver\Src\stm32f4xx_hal_cortex.c 0x00000000   Number         0  stm32f4xx_hal_cortex.o ABSOLUTE
    ..\Drivers\STM32F4xx_HAL_Driver\Src\stm32f4xx_hal_dma.c 0x00000000   Number         0  stm32f4xx_hal_dma.o ABSOLUTE
    ..\Drivers\STM32F4xx_HAL_Driver\Src\stm32f4xx_hal_dma_ex.c 0x00000000   Number         0  stm32f4xx_hal_dma_ex.o ABSOLUTE
    ..\Drivers\STM32F4xx_HAL_Driver\Src\stm32f4xx_hal_exti.c 0x00000000   Number         0  stm32f4xx_hal_exti.o ABSOLUTE
    ..\Drivers\STM32F4xx_HAL_Driver\Src\stm32f4xx_hal_flash.c 0x00000000   Number         0  stm32f4xx_hal_flash.o ABSOLUTE
    ..\Drivers\STM32F4xx_HAL_Driver\Src\stm32f4xx_hal_flash_ex.c 0x00000000   Number         0  stm32f4xx_hal_flash_ex.o ABSOLUTE
    ..\Drivers\STM32F4xx_HAL_Driver\Src\stm32f4xx_hal_flash_ramfunc.c 0x00000000   Number         0  stm32f4xx_hal_flash_ramfunc.o ABSOLUTE
    ..\Drivers\STM32F4xx_HAL_Driver\Src\stm32f4xx_hal_gpio.c 0x00000000   Number         0  stm32f4xx_hal_gpio.o ABSOLUTE
    ..\Drivers\STM32F4xx_HAL_Driver\Src\stm32f4xx_hal_pwr.c 0x00000000   Number         0  stm32f4xx_hal_pwr.o ABSOLUTE
    ..\Drivers\STM32F4xx_HAL_Driver\Src\stm32f4xx_hal_pwr_ex.c 0x00000000   Number         0  stm32f4xx_hal_pwr_ex.o ABSOLUTE
    ..\Drivers\STM32F4xx_HAL_Driver\Src\stm32f4xx_hal_rcc.c 0x00000000   Number         0  stm32f4xx_hal_rcc.o ABSOLUTE
    ..\Drivers\STM32F4xx_HAL_Driver\Src\stm32f4xx_hal_rcc_ex.c 0x00000000   Number         0  stm32f4xx_hal_rcc_ex.o ABSOLUTE
    ..\Drivers\STM32F4xx_HAL_Driver\Src\stm32f4xx_hal_tim.c 0x00000000   Number         0  stm32f4xx_hal_tim.o ABSOLUTE
    ..\Drivers\STM32F4xx_HAL_Driver\Src\stm32f4xx_hal_tim_ex.c 0x00000000   Number         0  stm32f4xx_hal_tim_ex.o ABSOLUTE
    ..\Drivers\STM32F4xx_HAL_Driver\Src\stm32f4xx_hal_uart.c 0x00000000   Number         0  stm32f4xx_hal_uart.o ABSOLUTE
    ..\\APP\\control.c                       0x00000000   Number         0  control.o ABSOLUTE
    ..\\APP\\task.c                          0x00000000   Number         0  task.o ABSOLUTE
    ..\\BSP\\encoder.c                       0x00000000   Number         0  encoder.o ABSOLUTE
    ..\\BSP\\key.c                           0x00000000   Number         0  key.o ABSOLUTE
    ..\\BSP\\maixcam.c                       0x00000000   Number         0  maixcam.o ABSOLUTE
    ..\\BSP\\motor.c                         0x00000000   Number         0  motor.o ABSOLUTE
    cdrcmple.s                               0x00000000   Number         0  cdrcmple.o ABSOLUTE
    dc.s                                     0x00000000   Number         0  dc.o ABSOLUTE
    handlers.s                               0x00000000   Number         0  handlers.o ABSOLUTE
    init.s                                   0x00000000   Number         0  init.o ABSOLUTE
    startup_stm32f407xx.s                    0x00000000   Number         0  startup_stm32f407xx.o ABSOLUTE
    RESET                                    0x08000000   Section      392  startup_stm32f407xx.o(RESET)
    .ARM.Collect$$$$00000000                 0x08000188   Section        0  entry.o(.ARM.Collect$$$$00000000)
    .ARM.Collect$$$$00000001                 0x08000188   Section        4  entry2.o(.ARM.Collect$$$$00000001)
    .ARM.Collect$$$$00000004                 0x0800018c   Section        4  entry5.o(.ARM.Collect$$$$00000004)
    .ARM.Collect$$$$00000008                 0x08000190   Section        0  entry7b.o(.ARM.Collect$$$$00000008)
    .ARM.Collect$$$$0000000A                 0x08000190   Section        0  entry8b.o(.ARM.Collect$$$$0000000A)
    .ARM.Collect$$$$0000000B                 0x08000190   Section        8  entry9a.o(.ARM.Collect$$$$0000000B)
    .ARM.Collect$$$$0000000E                 0x08000198   Section        4  entry12b.o(.ARM.Collect$$$$0000000E)
    .ARM.Collect$$$$0000000F                 0x0800019c   Section        0  entry10a.o(.ARM.Collect$$$$0000000F)
    .ARM.Collect$$$$00000011                 0x0800019c   Section        0  entry11a.o(.ARM.Collect$$$$00000011)
    .ARM.Collect$$$$00002712                 0x0800019c   Section        4  entry2.o(.ARM.Collect$$$$00002712)
    __lit__00000000                          0x0800019c   Data           4  entry2.o(.ARM.Collect$$$$00002712)
    .text                                    0x080001a0   Section       36  startup_stm32f407xx.o(.text)
    $v0                                      0x080001a0   Number         0  startup_stm32f407xx.o(.text)
    .text                                    0x080001c4   Section        0  uldiv.o(.text)
    .text                                    0x08000226   Section        0  memcpya.o(.text)
    .text                                    0x0800024a   Section        0  memseta.o(.text)
    .text                                    0x0800026e   Section        0  strcmp.o(.text)
    .text                                    0x0800028c   Section        0  __0sscanf.o(.text)
    .text                                    0x080002c4   Section        0  _scanf_int.o(.text)
    .text                                    0x08000410   Section        0  _scanf_str.o(.text)
    .text                                    0x080004f0   Section        0  f2d.o(.text)
    .text                                    0x08000516   Section        0  uidiv.o(.text)
    .text                                    0x08000542   Section        0  llshl.o(.text)
    .text                                    0x08000560   Section        0  llushr.o(.text)
    .text                                    0x08000580   Section        0  _chval.o(.text)
    .text                                    0x0800059c   Section        0  scanf_char.o(.text)
    _scanf_char_input                        0x0800059d   Thumb Code    12  scanf_char.o(.text)
    .text                                    0x080005c4   Section        0  _sgetc.o(.text)
    .text                                    0x08000604   Section        0  dadd.o(.text)
    .text                                    0x08000604   Section        0  iusefp.o(.text)
    .text                                    0x08000752   Section        0  dmul.o(.text)
    .text                                    0x08000836   Section        0  ddiv.o(.text)
    .text                                    0x08000914   Section        0  dfixul.o(.text)
    .text                                    0x08000944   Section       48  cdrcmple.o(.text)
    .text                                    0x08000974   Section       36  init.o(.text)
    .text                                    0x08000998   Section        0  llsshr.o(.text)
    .text                                    0x080009bc   Section        0  isspace_c.o(.text)
    .text                                    0x080009c8   Section        0  _scanf.o(.text)
    .text                                    0x08000cf8   Section        0  depilogue.o(.text)
    .text                                    0x08000db4   Section        0  ctype_c.o(.text)
    i.BusFault_Handler                       0x08000ddc   Section        0  stm32f4xx_it.o(i.BusFault_Handler)
    i.DMA1_Stream5_IRQHandler                0x08000de0   Section        0  stm32f4xx_it.o(i.DMA1_Stream5_IRQHandler)
    i.DMA1_Stream7_IRQHandler                0x08000dec   Section        0  stm32f4xx_it.o(i.DMA1_Stream7_IRQHandler)
    i.DMA2_Stream1_IRQHandler                0x08000df8   Section        0  stm32f4xx_it.o(i.DMA2_Stream1_IRQHandler)
    i.DMA2_Stream2_IRQHandler                0x08000e04   Section        0  stm32f4xx_it.o(i.DMA2_Stream2_IRQHandler)
    i.DMA_CalcBaseAndBitshift                0x08000e10   Section        0  stm32f4xx_hal_dma.o(i.DMA_CalcBaseAndBitshift)
    DMA_CalcBaseAndBitshift                  0x08000e11   Thumb Code    34  stm32f4xx_hal_dma.o(i.DMA_CalcBaseAndBitshift)
    i.DMA_CheckFifoParam                     0x08000e38   Section        0  stm32f4xx_hal_dma.o(i.DMA_CheckFifoParam)
    DMA_CheckFifoParam                       0x08000e39   Thumb Code    84  stm32f4xx_hal_dma.o(i.DMA_CheckFifoParam)
    i.DMA_SetConfig                          0x08000e8c   Section        0  stm32f4xx_hal_dma.o(i.DMA_SetConfig)
    DMA_SetConfig                            0x08000e8d   Thumb Code    40  stm32f4xx_hal_dma.o(i.DMA_SetConfig)
    i.DebugMon_Handler                       0x08000eb4   Section        0  stm32f4xx_it.o(i.DebugMon_Handler)
    i.EXTI2_IRQHandler                       0x08000eb6   Section        0  stm32f4xx_it.o(i.EXTI2_IRQHandler)
    i.Error_Handler                          0x08000ebc   Section        0  main.o(i.Error_Handler)
    i.HAL_DMA_Abort                          0x08000ec0   Section        0  stm32f4xx_hal_dma.o(i.HAL_DMA_Abort)
    i.HAL_DMA_Abort_IT                       0x08000f52   Section        0  stm32f4xx_hal_dma.o(i.HAL_DMA_Abort_IT)
    i.HAL_DMA_IRQHandler                     0x08000f78   Section        0  stm32f4xx_hal_dma.o(i.HAL_DMA_IRQHandler)
    i.HAL_DMA_Init                           0x08001118   Section        0  stm32f4xx_hal_dma.o(i.HAL_DMA_Init)
    i.HAL_DMA_Start_IT                       0x080011ec   Section        0  stm32f4xx_hal_dma.o(i.HAL_DMA_Start_IT)
    i.HAL_GPIO_EXTI_Callback                 0x0800125a   Section        0  main.o(i.HAL_GPIO_EXTI_Callback)
    i.HAL_GPIO_EXTI_IRQHandler               0x08001260   Section        0  stm32f4xx_hal_gpio.o(i.HAL_GPIO_EXTI_IRQHandler)
    i.HAL_GPIO_Init                          0x08001278   Section        0  stm32f4xx_hal_gpio.o(i.HAL_GPIO_Init)
    i.HAL_GetTick                            0x08001468   Section        0  stm32f4xx_hal.o(i.HAL_GetTick)
    i.HAL_IncTick                            0x08001474   Section        0  stm32f4xx_hal.o(i.HAL_IncTick)
    i.HAL_Init                               0x08001484   Section        0  stm32f4xx_hal.o(i.HAL_Init)
    i.HAL_InitTick                           0x080014b8   Section        0  stm32f4xx_hal.o(i.HAL_InitTick)
    i.HAL_MspInit                            0x080014f8   Section        0  stm32f4xx_hal_msp.o(i.HAL_MspInit)
    i.HAL_NVIC_EnableIRQ                     0x08001528   Section        0  stm32f4xx_hal_cortex.o(i.HAL_NVIC_EnableIRQ)
    i.HAL_NVIC_SetPriority                   0x08001544   Section        0  stm32f4xx_hal_cortex.o(i.HAL_NVIC_SetPriority)
    i.HAL_NVIC_SetPriorityGrouping           0x08001584   Section        0  stm32f4xx_hal_cortex.o(i.HAL_NVIC_SetPriorityGrouping)
    i.HAL_RCC_ClockConfig                    0x080015a8   Section        0  stm32f4xx_hal_rcc.o(i.HAL_RCC_ClockConfig)
    i.HAL_RCC_GetPCLK1Freq                   0x080016dc   Section        0  stm32f4xx_hal_rcc.o(i.HAL_RCC_GetPCLK1Freq)
    i.HAL_RCC_GetPCLK2Freq                   0x080016fc   Section        0  stm32f4xx_hal_rcc.o(i.HAL_RCC_GetPCLK2Freq)
    i.HAL_RCC_GetSysClockFreq                0x0800171c   Section        0  stm32f4xx_hal_rcc.o(i.HAL_RCC_GetSysClockFreq)
    i.HAL_RCC_OscConfig                      0x08001780   Section        0  stm32f4xx_hal_rcc.o(i.HAL_RCC_OscConfig)
    i.HAL_SYSTICK_Config                     0x08001aec   Section        0  stm32f4xx_hal_cortex.o(i.HAL_SYSTICK_Config)
    i.HAL_TIMEx_BreakCallback                0x08001b14   Section        0  stm32f4xx_hal_tim_ex.o(i.HAL_TIMEx_BreakCallback)
    i.HAL_TIMEx_CommutCallback               0x08001b16   Section        0  stm32f4xx_hal_tim_ex.o(i.HAL_TIMEx_CommutCallback)
    i.HAL_TIMEx_ConfigBreakDeadTime          0x08001b18   Section        0  stm32f4xx_hal_tim_ex.o(i.HAL_TIMEx_ConfigBreakDeadTime)
    i.HAL_TIMEx_MasterConfigSynchronization  0x08001b6c   Section        0  stm32f4xx_hal_tim_ex.o(i.HAL_TIMEx_MasterConfigSynchronization)
    i.HAL_TIM_Base_Init                      0x08001bfc   Section        0  stm32f4xx_hal_tim.o(i.HAL_TIM_Base_Init)
    i.HAL_TIM_Base_MspInit                   0x08001c58   Section        0  tim.o(i.HAL_TIM_Base_MspInit)
    i.HAL_TIM_Base_Start_IT                  0x08001cb0   Section        0  stm32f4xx_hal_tim.o(i.HAL_TIM_Base_Start_IT)
    i.HAL_TIM_ConfigClockSource              0x08001d30   Section        0  stm32f4xx_hal_tim.o(i.HAL_TIM_ConfigClockSource)
    i.HAL_TIM_Encoder_Init                   0x08001e0c   Section        0  stm32f4xx_hal_tim.o(i.HAL_TIM_Encoder_Init)
    i.HAL_TIM_Encoder_MspInit                0x08001eb0   Section        0  tim.o(i.HAL_TIM_Encoder_MspInit)
    i.HAL_TIM_Encoder_Start                  0x08001f78   Section        0  stm32f4xx_hal_tim.o(i.HAL_TIM_Encoder_Start)
    i.HAL_TIM_IC_CaptureCallback             0x08002006   Section        0  stm32f4xx_hal_tim.o(i.HAL_TIM_IC_CaptureCallback)
    i.HAL_TIM_IRQHandler                     0x08002008   Section        0  stm32f4xx_hal_tim.o(i.HAL_TIM_IRQHandler)
    i.HAL_TIM_MspPostInit                    0x08002138   Section        0  tim.o(i.HAL_TIM_MspPostInit)
    i.HAL_TIM_OC_DelayElapsedCallback        0x0800218c   Section        0  stm32f4xx_hal_tim.o(i.HAL_TIM_OC_DelayElapsedCallback)
    i.HAL_TIM_PWM_ConfigChannel              0x0800218e   Section        0  stm32f4xx_hal_tim.o(i.HAL_TIM_PWM_ConfigChannel)
    i.HAL_TIM_PWM_Init                       0x0800225a   Section        0  stm32f4xx_hal_tim.o(i.HAL_TIM_PWM_Init)
    i.HAL_TIM_PWM_MspInit                    0x080022b4   Section        0  stm32f4xx_hal_tim.o(i.HAL_TIM_PWM_MspInit)
    i.HAL_TIM_PWM_PulseFinishedCallback      0x080022b6   Section        0  stm32f4xx_hal_tim.o(i.HAL_TIM_PWM_PulseFinishedCallback)
    i.HAL_TIM_PWM_Start                      0x080022b8   Section        0  stm32f4xx_hal_tim.o(i.HAL_TIM_PWM_Start)
    i.HAL_TIM_PeriodElapsedCallback          0x08002380   Section        0  main.o(i.HAL_TIM_PeriodElapsedCallback)
    i.HAL_TIM_TriggerCallback                0x0800239c   Section        0  stm32f4xx_hal_tim.o(i.HAL_TIM_TriggerCallback)
    i.HAL_UARTEx_ReceiveToIdle_DMA           0x0800239e   Section        0  stm32f4xx_hal_uart.o(i.HAL_UARTEx_ReceiveToIdle_DMA)
    i.HAL_UARTEx_RxEventCallback             0x080023e8   Section        0  main.o(i.HAL_UARTEx_RxEventCallback)
    i.HAL_UART_ErrorCallback                 0x080023ec   Section        0  stm32f4xx_hal_uart.o(i.HAL_UART_ErrorCallback)
    i.HAL_UART_IRQHandler                    0x080023f0   Section        0  stm32f4xx_hal_uart.o(i.HAL_UART_IRQHandler)
    i.HAL_UART_Init                          0x08002670   Section        0  stm32f4xx_hal_uart.o(i.HAL_UART_Init)
    i.HAL_UART_MspInit                       0x080026d4   Section        0  usart.o(i.HAL_UART_MspInit)
    i.HAL_UART_RxCpltCallback                0x08002984   Section        0  stm32f4xx_hal_uart.o(i.HAL_UART_RxCpltCallback)
    i.HAL_UART_RxHalfCpltCallback            0x08002986   Section        0  stm32f4xx_hal_uart.o(i.HAL_UART_RxHalfCpltCallback)
    i.HAL_UART_Transmit                      0x08002988   Section        0  stm32f4xx_hal_uart.o(i.HAL_UART_Transmit)
    i.HAL_UART_TxCpltCallback                0x08002a28   Section        0  stm32f4xx_hal_uart.o(i.HAL_UART_TxCpltCallback)
    i.HardFault_Handler                      0x08002a2a   Section        0  stm32f4xx_it.o(i.HardFault_Handler)
    i.MX_DMA_Init                            0x08002a2c   Section        0  dma.o(i.MX_DMA_Init)
    i.MX_GPIO_Init                           0x08002a98   Section        0  gpio.o(i.MX_GPIO_Init)
    i.MX_TIM1_Init                           0x08002b28   Section        0  tim.o(i.MX_TIM1_Init)
    i.MX_TIM4_Init                           0x08002c20   Section        0  tim.o(i.MX_TIM4_Init)
    i.MX_TIM5_Init                           0x08002c8c   Section        0  tim.o(i.MX_TIM5_Init)
    i.MX_TIM7_Init                           0x08002cf8   Section        0  tim.o(i.MX_TIM7_Init)
    i.MX_UART5_Init                          0x08002d40   Section        0  usart.o(i.MX_UART5_Init)
    i.MX_USART1_UART_Init                    0x08002d78   Section        0  usart.o(i.MX_USART1_UART_Init)
    i.MX_USART2_UART_Init                    0x08002db0   Section        0  usart.o(i.MX_USART2_UART_Init)
    i.MX_USART6_UART_Init                    0x08002de8   Section        0  usart.o(i.MX_USART6_UART_Init)
    i.Maixcam_init                           0x08002e20   Section        0  maixcam.o(i.Maixcam_init)
    i.Maixcam_onRxEvent                      0x08002e70   Section        0  maixcam.o(i.Maixcam_onRxEvent)
    i.MemManage_Handler                      0x08002ebc   Section        0  stm32f4xx_it.o(i.MemManage_Handler)
    i.NMI_Handler                            0x08002ebe   Section        0  stm32f4xx_it.o(i.NMI_Handler)
    i.PendSV_Handler                         0x08002ec0   Section        0  stm32f4xx_it.o(i.PendSV_Handler)
    i.SVC_Handler                            0x08002ec2   Section        0  stm32f4xx_it.o(i.SVC_Handler)
    i.SysTick_Handler                        0x08002ec4   Section        0  stm32f4xx_it.o(i.SysTick_Handler)
    i.SystemClock_Config                     0x08002ec8   Section        0  main.o(i.SystemClock_Config)
    i.SystemInit                             0x08002f60   Section        0  system_stm32f4xx.o(i.SystemInit)
    i.TIM4_IRQHandler                        0x08002f70   Section        0  stm32f4xx_it.o(i.TIM4_IRQHandler)
    i.TIM5_IRQHandler                        0x08002f7c   Section        0  stm32f4xx_it.o(i.TIM5_IRQHandler)
    i.TIM7_IRQHandler                        0x08002f88   Section        0  stm32f4xx_it.o(i.TIM7_IRQHandler)
    i.TIM_Base_SetConfig                     0x08002f94   Section        0  stm32f4xx_hal_tim.o(i.TIM_Base_SetConfig)
    i.TIM_CCxChannelCmd                      0x08003064   Section        0  stm32f4xx_hal_tim.o(i.TIM_CCxChannelCmd)
    i.TIM_ETR_SetConfig                      0x0800307e   Section        0  stm32f4xx_hal_tim.o(i.TIM_ETR_SetConfig)
    i.TIM_ITRx_SetConfig                     0x08003092   Section        0  stm32f4xx_hal_tim.o(i.TIM_ITRx_SetConfig)
    TIM_ITRx_SetConfig                       0x08003093   Thumb Code    16  stm32f4xx_hal_tim.o(i.TIM_ITRx_SetConfig)
    i.TIM_OC1_SetConfig                      0x080030a4   Section        0  stm32f4xx_hal_tim.o(i.TIM_OC1_SetConfig)
    TIM_OC1_SetConfig                        0x080030a5   Thumb Code    88  stm32f4xx_hal_tim.o(i.TIM_OC1_SetConfig)
    i.TIM_OC2_SetConfig                      0x08003104   Section        0  stm32f4xx_hal_tim.o(i.TIM_OC2_SetConfig)
    i.TIM_OC3_SetConfig                      0x08003170   Section        0  stm32f4xx_hal_tim.o(i.TIM_OC3_SetConfig)
    TIM_OC3_SetConfig                        0x08003171   Thumb Code    96  stm32f4xx_hal_tim.o(i.TIM_OC3_SetConfig)
    i.TIM_OC4_SetConfig                      0x080031d8   Section        0  stm32f4xx_hal_tim.o(i.TIM_OC4_SetConfig)
    TIM_OC4_SetConfig                        0x080031d9   Thumb Code    70  stm32f4xx_hal_tim.o(i.TIM_OC4_SetConfig)
    i.TIM_TI1_ConfigInputStage               0x08003228   Section        0  stm32f4xx_hal_tim.o(i.TIM_TI1_ConfigInputStage)
    TIM_TI1_ConfigInputStage                 0x08003229   Thumb Code    34  stm32f4xx_hal_tim.o(i.TIM_TI1_ConfigInputStage)
    i.TIM_TI2_ConfigInputStage               0x0800324a   Section        0  stm32f4xx_hal_tim.o(i.TIM_TI2_ConfigInputStage)
    TIM_TI2_ConfigInputStage                 0x0800324b   Thumb Code    36  stm32f4xx_hal_tim.o(i.TIM_TI2_ConfigInputStage)
    i.UART5_IRQHandler                       0x08003270   Section        0  stm32f4xx_it.o(i.UART5_IRQHandler)
    i.UART_DMAAbortOnError                   0x0800327c   Section        0  stm32f4xx_hal_uart.o(i.UART_DMAAbortOnError)
    UART_DMAAbortOnError                     0x0800327d   Thumb Code    14  stm32f4xx_hal_uart.o(i.UART_DMAAbortOnError)
    i.UART_DMAError                          0x0800328a   Section        0  stm32f4xx_hal_uart.o(i.UART_DMAError)
    UART_DMAError                            0x0800328b   Thumb Code    74  stm32f4xx_hal_uart.o(i.UART_DMAError)
    i.UART_DMAReceiveCplt                    0x080032d4   Section        0  stm32f4xx_hal_uart.o(i.UART_DMAReceiveCplt)
    UART_DMAReceiveCplt                      0x080032d5   Thumb Code   134  stm32f4xx_hal_uart.o(i.UART_DMAReceiveCplt)
    i.UART_DMARxHalfCplt                     0x0800335a   Section        0  stm32f4xx_hal_uart.o(i.UART_DMARxHalfCplt)
    UART_DMARxHalfCplt                       0x0800335b   Thumb Code    30  stm32f4xx_hal_uart.o(i.UART_DMARxHalfCplt)
    i.UART_EndRxTransfer                     0x08003378   Section        0  stm32f4xx_hal_uart.o(i.UART_EndRxTransfer)
    UART_EndRxTransfer                       0x08003379   Thumb Code    78  stm32f4xx_hal_uart.o(i.UART_EndRxTransfer)
    i.UART_EndTxTransfer                     0x080033c6   Section        0  stm32f4xx_hal_uart.o(i.UART_EndTxTransfer)
    UART_EndTxTransfer                       0x080033c7   Thumb Code    28  stm32f4xx_hal_uart.o(i.UART_EndTxTransfer)
    i.UART_Receive_IT                        0x080033e2   Section        0  stm32f4xx_hal_uart.o(i.UART_Receive_IT)
    UART_Receive_IT                          0x080033e3   Thumb Code   194  stm32f4xx_hal_uart.o(i.UART_Receive_IT)
    i.UART_SetConfig                         0x080034a4   Section        0  stm32f4xx_hal_uart.o(i.UART_SetConfig)
    UART_SetConfig                           0x080034a5   Thumb Code   258  stm32f4xx_hal_uart.o(i.UART_SetConfig)
    i.UART_Start_Receive_DMA                 0x080035b0   Section        0  stm32f4xx_hal_uart.o(i.UART_Start_Receive_DMA)
    i.UART_WaitOnFlagUntilTimeout            0x08003650   Section        0  stm32f4xx_hal_uart.o(i.UART_WaitOnFlagUntilTimeout)
    UART_WaitOnFlagUntilTimeout              0x08003651   Thumb Code   114  stm32f4xx_hal_uart.o(i.UART_WaitOnFlagUntilTimeout)
    i.USART1_IRQHandler                      0x080036c4   Section        0  stm32f4xx_it.o(i.USART1_IRQHandler)
    i.USART2_IRQHandler                      0x080036d0   Section        0  stm32f4xx_it.o(i.USART2_IRQHandler)
    i.USART6_IRQHandler                      0x080036dc   Section        0  stm32f4xx_it.o(i.USART6_IRQHandler)
    i.UsageFault_Handler                     0x080036e8   Section        0  stm32f4xx_it.o(i.UsageFault_Handler)
    i.__0printf                              0x080036ec   Section        0  printfa.o(i.__0printf)
    i.__NVIC_SetPriority                     0x0800370c   Section        0  stm32f4xx_hal_cortex.o(i.__NVIC_SetPriority)
    __NVIC_SetPriority                       0x0800370d   Thumb Code    32  stm32f4xx_hal_cortex.o(i.__NVIC_SetPriority)
    i.__scatterload_copy                     0x0800372c   Section       14  handlers.o(i.__scatterload_copy)
    i.__scatterload_null                     0x0800373a   Section        2  handlers.o(i.__scatterload_null)
    i.__scatterload_zeroinit                 0x0800373c   Section       14  handlers.o(i.__scatterload_zeroinit)
    i._fp_digits                             0x0800374c   Section        0  printfa.o(i._fp_digits)
    _fp_digits                               0x0800374d   Thumb Code   366  printfa.o(i._fp_digits)
    i._printf_core                           0x080038d0   Section        0  printfa.o(i._printf_core)
    _printf_core                             0x080038d1   Thumb Code  1704  printfa.o(i._printf_core)
    i._printf_post_padding                   0x08003f84   Section        0  printfa.o(i._printf_post_padding)
    _printf_post_padding                     0x08003f85   Thumb Code    36  printfa.o(i._printf_post_padding)
    i._printf_pre_padding                    0x08003fa8   Section        0  printfa.o(i._printf_pre_padding)
    _printf_pre_padding                      0x08003fa9   Thumb Code    46  printfa.o(i._printf_pre_padding)
    i.car_task_run                           0x08003fd8   Section        0  task.o(i.car_task_run)
    i.car_task_start                         0x08004224   Section        0  task.o(i.car_task_start)
    i.control_forward                        0x08004238   Section        0  control.o(i.control_forward)
    i.control_run_10ms                       0x08004250   Section        0  control.o(i.control_run_10ms)
    i.encoder_get_num                        0x08004300   Section        0  encoder.o(i.encoder_get_num)
    encoder_get_num                          0x08004301   Thumb Code    10  encoder.o(i.encoder_get_num)
    i.encoder_get_speed                      0x0800430c   Section        0  encoder.o(i.encoder_get_speed)
    encoder_get_speed                        0x0800430d   Thumb Code    26  encoder.o(i.encoder_get_speed)
    i.encoder_init                           0x0800432c   Section        0  encoder.o(i.encoder_init)
    i.encoder_read_info_10ms                 0x0800436c   Section        0  encoder.o(i.encoder_read_info_10ms)
    i.encoder_reset_distance                 0x08004424   Section        0  encoder.o(i.encoder_reset_distance)
    i.fputc                                  0x0800443c   Section        0  maixcam.o(i.fputc)
    i.key_onExti                             0x08004454   Section        0  key.o(i.key_onExti)
    i.main                                   0x08004464   Section        0  main.o(i.main)
    i.motor_load                             0x080044cc   Section        0  motor.o(i.motor_load)
    i.motor_start                            0x0800451c   Section        0  motor.o(i.motor_start)
    i.parse_front                            0x08004548   Section        0  maixcam.o(i.parse_front)
    parse_front                              0x08004549   Thumb Code   108  maixcam.o(i.parse_front)
    i.parse_side                             0x080045d4   Section        0  maixcam.o(i.parse_side)
    parse_side                               0x080045d5   Thumb Code   140  maixcam.o(i.parse_side)
    .constdata                               0x08004688   Section        8  stm32f4xx_hal_dma.o(.constdata)
    flagBitshiftOffset                       0x08004688   Data           8  stm32f4xx_hal_dma.o(.constdata)
    .constdata                               0x08004690   Section       16  system_stm32f4xx.o(.constdata)
    .constdata                               0x080046a0   Section        8  system_stm32f4xx.o(.constdata)
    .constdata                               0x080046a8   Section       64  ctype_c.o(.constdata)
    .conststring                             0x080046e8   Section      125  encoder.o(.conststring)
    .data                                    0x20000000   Section        8  task.o(.data)
    car_state                                0x20000000   Data           1  task.o(.data)
    bomb_color                               0x20000002   Data           2  task.o(.data)
    target_color                             0x20000004   Data           2  task.o(.data)
    hostage_type                             0x20000006   Data           2  task.o(.data)
    .data                                    0x20000008   Section        8  control.o(.data)
    control_active                           0x20000008   Data           1  control.o(.data)
    control_done_flag                        0x20000009   Data           1  control.o(.data)
    target_distance                          0x2000000c   Data           4  control.o(.data)
    .data                                    0x20000010   Section        8  maixcam.o(.data)
    .data                                    0x20000018   Section        1  key.o(.data)
    .data                                    0x2000001c   Section        8  encoder.o(.data)
    .data                                    0x20000024   Section       12  stm32f4xx_hal.o(.data)
    .data                                    0x20000030   Section        4  system_stm32f4xx.o(.data)
    .data                                    0x20000034   Section        4  stdout.o(.data)
    .bss                                     0x20000038   Section      288  tim.o(.bss)
    .bss                                     0x20000158   Section      672  usart.o(.bss)
    .bss                                     0x200003f8   Section      270  maixcam.o(.bss)
    front_rx_buf                             0x20000406   Data         128  maixcam.o(.bss)
    side_rx_buf                              0x20000486   Data         128  maixcam.o(.bss)
    STACK                                    0x20000508   Section     1024  startup_stm32f407xx.o(STACK)

    Global Symbols

    Symbol Name                              Value     Ov Type        Size  Object(Section)

    BuildAttributes$$THM_ISAv4$E$P$D$K$B$S$7EM$VFPi3$EXTD16$VFPS$VFMA$PE$A:L22UL41UL21$X:L11$S22US41US21$IEEE1$IW$USESV6$~STKCKD$USESV7$~SHL$OSPACE$ROPI$EBA8$MICROLIB$REQ8$PRES8$EABIv2 0x00000000   Number         0  anon$$obj.o ABSOLUTE
    __ARM_use_no_argv                        0x00000000   Number         0  main.o ABSOLUTE
    _printf_a                                0x00000000   Number         0  stubs.o ABSOLUTE
    _printf_c                                0x00000000   Number         0  stubs.o ABSOLUTE
    _printf_charcount                        0x00000000   Number         0  stubs.o ABSOLUTE
    _printf_d                                0x00000000   Number         0  stubs.o ABSOLUTE
    _printf_e                                0x00000000   Number         0  stubs.o ABSOLUTE
    _printf_f                                0x00000000   Number         0  stubs.o ABSOLUTE
    _printf_flags                            0x00000000   Number         0  stubs.o ABSOLUTE
    _printf_fp_dec                           0x00000000   Number         0  stubs.o ABSOLUTE
    _printf_fp_hex                           0x00000000   Number         0  stubs.o ABSOLUTE
    _printf_g                                0x00000000   Number         0  stubs.o ABSOLUTE
    _printf_i                                0x00000000   Number         0  stubs.o ABSOLUTE
    _printf_int_dec                          0x00000000   Number         0  stubs.o ABSOLUTE
    _printf_l                                0x00000000   Number         0  stubs.o ABSOLUTE
    _printf_lc                               0x00000000   Number         0  stubs.o ABSOLUTE
    _printf_ll                               0x00000000   Number         0  stubs.o ABSOLUTE
    _printf_lld                              0x00000000   Number         0  stubs.o ABSOLUTE
    _printf_lli                              0x00000000   Number         0  stubs.o ABSOLUTE
    _printf_llo                              0x00000000   Number         0  stubs.o ABSOLUTE
    _printf_llu                              0x00000000   Number         0  stubs.o ABSOLUTE
    _printf_llx                              0x00000000   Number         0  stubs.o ABSOLUTE
    _printf_longlong_dec                     0x00000000   Number         0  stubs.o ABSOLUTE
    _printf_longlong_hex                     0x00000000   Number         0  stubs.o ABSOLUTE
    _printf_longlong_oct                     0x00000000   Number         0  stubs.o ABSOLUTE
    _printf_ls                               0x00000000   Number         0  stubs.o ABSOLUTE
    _printf_mbtowc                           0x00000000   Number         0  stubs.o ABSOLUTE
    _printf_n                                0x00000000   Number         0  stubs.o ABSOLUTE
    _printf_o                                0x00000000   Number         0  stubs.o ABSOLUTE
    _printf_p                                0x00000000   Number         0  stubs.o ABSOLUTE
    _printf_percent                          0x00000000   Number         0  stubs.o ABSOLUTE
    _printf_pre_padding                      0x00000000   Number         0  stubs.o ABSOLUTE
    _printf_return_value                     0x00000000   Number         0  stubs.o ABSOLUTE
    _printf_s                                0x00000000   Number         0  stubs.o ABSOLUTE
    _printf_sizespec                         0x00000000   Number         0  stubs.o ABSOLUTE
    _printf_str                              0x00000000   Number         0  stubs.o ABSOLUTE
    _printf_truncate_signed                  0x00000000   Number         0  stubs.o ABSOLUTE
    _printf_truncate_unsigned                0x00000000   Number         0  stubs.o ABSOLUTE
    _printf_u                                0x00000000   Number         0  stubs.o ABSOLUTE
    _printf_wc                               0x00000000   Number         0  stubs.o ABSOLUTE
    _printf_wctomb                           0x00000000   Number         0  stubs.o ABSOLUTE
    _printf_widthprec                        0x00000000   Number         0  stubs.o ABSOLUTE
    _printf_x                                0x00000000   Number         0  stubs.o ABSOLUTE
    __arm_fini_                               - Undefined Weak Reference
    __cpp_initialize__aeabi_                  - Undefined Weak Reference
    __cxa_finalize                            - Undefined Weak Reference
    __decompress                              - Undefined Weak Reference
    _clock_init                               - Undefined Weak Reference
    _microlib_exit                            - Undefined Weak Reference
    _scanf_longlong                           - Undefined Weak Reference
    _scanf_real                               - Undefined Weak Reference
    __Vectors_Size                           0x00000188   Number         0  startup_stm32f407xx.o ABSOLUTE
    __Vectors                                0x08000000   Data           4  startup_stm32f407xx.o(RESET)
    __Vectors_End                            0x08000188   Data           0  startup_stm32f407xx.o(RESET)
    __main                                   0x08000189   Thumb Code     0  entry.o(.ARM.Collect$$$$00000000)
    _main_stk                                0x08000189   Thumb Code     0  entry2.o(.ARM.Collect$$$$00000001)
    _main_scatterload                        0x0800018d   Thumb Code     0  entry5.o(.ARM.Collect$$$$00000004)
    __main_after_scatterload                 0x08000191   Thumb Code     0  entry5.o(.ARM.Collect$$$$00000004)
    _main_clock                              0x08000191   Thumb Code     0  entry7b.o(.ARM.Collect$$$$00000008)
    _main_cpp_init                           0x08000191   Thumb Code     0  entry8b.o(.ARM.Collect$$$$0000000A)
    _main_init                               0x08000191   Thumb Code     0  entry9a.o(.ARM.Collect$$$$0000000B)
    __rt_lib_shutdown_fini                   0x08000199   Thumb Code     0  entry12b.o(.ARM.Collect$$$$0000000E)
    __rt_final_cpp                           0x0800019d   Thumb Code     0  entry10a.o(.ARM.Collect$$$$0000000F)
    __rt_final_exit                          0x0800019d   Thumb Code     0  entry11a.o(.ARM.Collect$$$$00000011)
    Reset_Handler                            0x080001a1   Thumb Code     8  startup_stm32f407xx.o(.text)
    ADC_IRQHandler                           0x080001bb   Thumb Code     0  startup_stm32f407xx.o(.text)
    CAN1_RX0_IRQHandler                      0x080001bb   Thumb Code     0  startup_stm32f407xx.o(.text)
    CAN1_RX1_IRQHandler                      0x080001bb   Thumb Code     0  startup_stm32f407xx.o(.text)
    CAN1_SCE_IRQHandler                      0x080001bb   Thumb Code     0  startup_stm32f407xx.o(.text)
    CAN1_TX_IRQHandler                       0x080001bb   Thumb Code     0  startup_stm32f407xx.o(.text)
    CAN2_RX0_IRQHandler                      0x080001bb   Thumb Code     0  startup_stm32f407xx.o(.text)
    CAN2_RX1_IRQHandler                      0x080001bb   Thumb Code     0  startup_stm32f407xx.o(.text)
    CAN2_SCE_IRQHandler                      0x080001bb   Thumb Code     0  startup_stm32f407xx.o(.text)
    CAN2_TX_IRQHandler                       0x080001bb   Thumb Code     0  startup_stm32f407xx.o(.text)
    DCMI_IRQHandler                          0x080001bb   Thumb Code     0  startup_stm32f407xx.o(.text)
    DMA1_Stream0_IRQHandler                  0x080001bb   Thumb Code     0  startup_stm32f407xx.o(.text)
    DMA1_Stream1_IRQHandler                  0x080001bb   Thumb Code     0  startup_stm32f407xx.o(.text)
    DMA1_Stream2_IRQHandler                  0x080001bb   Thumb Code     0  startup_stm32f407xx.o(.text)
    DMA1_Stream3_IRQHandler                  0x080001bb   Thumb Code     0  startup_stm32f407xx.o(.text)
    DMA1_Stream4_IRQHandler                  0x080001bb   Thumb Code     0  startup_stm32f407xx.o(.text)
    DMA1_Stream6_IRQHandler                  0x080001bb   Thumb Code     0  startup_stm32f407xx.o(.text)
    DMA2_Stream0_IRQHandler                  0x080001bb   Thumb Code     0  startup_stm32f407xx.o(.text)
    DMA2_Stream3_IRQHandler                  0x080001bb   Thumb Code     0  startup_stm32f407xx.o(.text)
    DMA2_Stream4_IRQHandler                  0x080001bb   Thumb Code     0  startup_stm32f407xx.o(.text)
    DMA2_Stream5_IRQHandler                  0x080001bb   Thumb Code     0  startup_stm32f407xx.o(.text)
    DMA2_Stream6_IRQHandler                  0x080001bb   Thumb Code     0  startup_stm32f407xx.o(.text)
    DMA2_Stream7_IRQHandler                  0x080001bb   Thumb Code     0  startup_stm32f407xx.o(.text)
    ETH_IRQHandler                           0x080001bb   Thumb Code     0  startup_stm32f407xx.o(.text)
    ETH_WKUP_IRQHandler                      0x080001bb   Thumb Code     0  startup_stm32f407xx.o(.text)
    EXTI0_IRQHandler                         0x080001bb   Thumb Code     0  startup_stm32f407xx.o(.text)
    EXTI15_10_IRQHandler                     0x080001bb   Thumb Code     0  startup_stm32f407xx.o(.text)
    EXTI1_IRQHandler                         0x080001bb   Thumb Code     0  startup_stm32f407xx.o(.text)
    EXTI3_IRQHandler                         0x080001bb   Thumb Code     0  startup_stm32f407xx.o(.text)
    EXTI4_IRQHandler                         0x080001bb   Thumb Code     0  startup_stm32f407xx.o(.text)
    EXTI9_5_IRQHandler                       0x080001bb   Thumb Code     0  startup_stm32f407xx.o(.text)
    FLASH_IRQHandler                         0x080001bb   Thumb Code     0  startup_stm32f407xx.o(.text)
    FMC_IRQHandler                           0x080001bb   Thumb Code     0  startup_stm32f407xx.o(.text)
    FPU_IRQHandler                           0x080001bb   Thumb Code     0  startup_stm32f407xx.o(.text)
    HASH_RNG_IRQHandler                      0x080001bb   Thumb Code     0  startup_stm32f407xx.o(.text)
    I2C1_ER_IRQHandler                       0x080001bb   Thumb Code     0  startup_stm32f407xx.o(.text)
    I2C1_EV_IRQHandler                       0x080001bb   Thumb Code     0  startup_stm32f407xx.o(.text)
    I2C2_ER_IRQHandler                       0x080001bb   Thumb Code     0  startup_stm32f407xx.o(.text)
    I2C2_EV_IRQHandler                       0x080001bb   Thumb Code     0  startup_stm32f407xx.o(.text)
    I2C3_ER_IRQHandler                       0x080001bb   Thumb Code     0  startup_stm32f407xx.o(.text)
    I2C3_EV_IRQHandler                       0x080001bb   Thumb Code     0  startup_stm32f407xx.o(.text)
    OTG_FS_IRQHandler                        0x080001bb   Thumb Code     0  startup_stm32f407xx.o(.text)
    OTG_FS_WKUP_IRQHandler                   0x080001bb   Thumb Code     0  startup_stm32f407xx.o(.text)
    OTG_HS_EP1_IN_IRQHandler                 0x080001bb   Thumb Code     0  startup_stm32f407xx.o(.text)
    OTG_HS_EP1_OUT_IRQHandler                0x080001bb   Thumb Code     0  startup_stm32f407xx.o(.text)
    OTG_HS_IRQHandler                        0x080001bb   Thumb Code     0  startup_stm32f407xx.o(.text)
    OTG_HS_WKUP_IRQHandler                   0x080001bb   Thumb Code     0  startup_stm32f407xx.o(.text)
    PVD_IRQHandler                           0x080001bb   Thumb Code     0  startup_stm32f407xx.o(.text)
    RCC_IRQHandler                           0x080001bb   Thumb Code     0  startup_stm32f407xx.o(.text)
    RTC_Alarm_IRQHandler                     0x080001bb   Thumb Code     0  startup_stm32f407xx.o(.text)
    RTC_WKUP_IRQHandler                      0x080001bb   Thumb Code     0  startup_stm32f407xx.o(.text)
    SDIO_IRQHandler                          0x080001bb   Thumb Code     0  startup_stm32f407xx.o(.text)
    SPI1_IRQHandler                          0x080001bb   Thumb Code     0  startup_stm32f407xx.o(.text)
    SPI2_IRQHandler                          0x080001bb   Thumb Code     0  startup_stm32f407xx.o(.text)
    SPI3_IRQHandler                          0x080001bb   Thumb Code     0  startup_stm32f407xx.o(.text)
    TAMP_STAMP_IRQHandler                    0x080001bb   Thumb Code     0  startup_stm32f407xx.o(.text)
    TIM1_BRK_TIM9_IRQHandler                 0x080001bb   Thumb Code     0  startup_stm32f407xx.o(.text)
    TIM1_CC_IRQHandler                       0x080001bb   Thumb Code     0  startup_stm32f407xx.o(.text)
    TIM1_TRG_COM_TIM11_IRQHandler            0x080001bb   Thumb Code     0  startup_stm32f407xx.o(.text)
    TIM1_UP_TIM10_IRQHandler                 0x080001bb   Thumb Code     0  startup_stm32f407xx.o(.text)
    TIM2_IRQHandler                          0x080001bb   Thumb Code     0  startup_stm32f407xx.o(.text)
    TIM3_IRQHandler                          0x080001bb   Thumb Code     0  startup_stm32f407xx.o(.text)
    TIM6_DAC_IRQHandler                      0x080001bb   Thumb Code     0  startup_stm32f407xx.o(.text)
    TIM8_BRK_TIM12_IRQHandler                0x080001bb   Thumb Code     0  startup_stm32f407xx.o(.text)
    TIM8_CC_IRQHandler                       0x080001bb   Thumb Code     0  startup_stm32f407xx.o(.text)
    TIM8_TRG_COM_TIM14_IRQHandler            0x080001bb   Thumb Code     0  startup_stm32f407xx.o(.text)
    TIM8_UP_TIM13_IRQHandler                 0x080001bb   Thumb Code     0  startup_stm32f407xx.o(.text)
    UART4_IRQHandler                         0x080001bb   Thumb Code     0  startup_stm32f407xx.o(.text)
    USART3_IRQHandler                        0x080001bb   Thumb Code     0  startup_stm32f407xx.o(.text)
    WWDG_IRQHandler                          0x080001bb   Thumb Code     0  startup_stm32f407xx.o(.text)
    __aeabi_uldivmod                         0x080001c5   Thumb Code    98  uldiv.o(.text)
    __aeabi_memcpy                           0x08000227   Thumb Code    36  memcpya.o(.text)
    __aeabi_memcpy4                          0x08000227   Thumb Code     0  memcpya.o(.text)
    __aeabi_memcpy8                          0x08000227   Thumb Code     0  memcpya.o(.text)
    __aeabi_memset                           0x0800024b   Thumb Code    14  memseta.o(.text)
    __aeabi_memset4                          0x0800024b   Thumb Code     0  memseta.o(.text)
    __aeabi_memset8                          0x0800024b   Thumb Code     0  memseta.o(.text)
    __aeabi_memclr                           0x08000259   Thumb Code     4  memseta.o(.text)
    __aeabi_memclr4                          0x08000259   Thumb Code     0  memseta.o(.text)
    __aeabi_memclr8                          0x08000259   Thumb Code     0  memseta.o(.text)
    _memset$wrapper                          0x0800025d   Thumb Code    18  memseta.o(.text)
    strcmp                                   0x0800026f   Thumb Code    28  strcmp.o(.text)
    __0sscanf                                0x0800028d   Thumb Code    48  __0sscanf.o(.text)
    _scanf_int                               0x080002c5   Thumb Code   332  _scanf_int.o(.text)
    _scanf_string                            0x08000411   Thumb Code   224  _scanf_str.o(.text)
    __aeabi_f2d                              0x080004f1   Thumb Code    38  f2d.o(.text)
    __aeabi_uidiv                            0x08000517   Thumb Code     0  uidiv.o(.text)
    __aeabi_uidivmod                         0x08000517   Thumb Code    44  uidiv.o(.text)
    __aeabi_llsl                             0x08000543   Thumb Code    30  llshl.o(.text)
    _ll_shift_l                              0x08000543   Thumb Code     0  llshl.o(.text)
    __aeabi_llsr                             0x08000561   Thumb Code    32  llushr.o(.text)
    _ll_ushift_r                             0x08000561   Thumb Code     0  llushr.o(.text)
    _chval                                   0x08000581   Thumb Code    28  _chval.o(.text)
    __vfscanf_char                           0x080005a9   Thumb Code    20  scanf_char.o(.text)
    _sgetc                                   0x080005c5   Thumb Code    30  _sgetc.o(.text)
    _sbackspace                              0x080005e3   Thumb Code    34  _sgetc.o(.text)
    __I$use$fp                               0x08000605   Thumb Code     0  iusefp.o(.text)
    __aeabi_dadd                             0x08000605   Thumb Code   322  dadd.o(.text)
    __aeabi_dsub                             0x08000747   Thumb Code     6  dadd.o(.text)
    __aeabi_drsub                            0x0800074d   Thumb Code     6  dadd.o(.text)
    __aeabi_dmul                             0x08000753   Thumb Code   228  dmul.o(.text)
    __aeabi_ddiv                             0x08000837   Thumb Code   222  ddiv.o(.text)
    __aeabi_d2ulz                            0x08000915   Thumb Code    48  dfixul.o(.text)
    __aeabi_cdrcmple                         0x08000945   Thumb Code    48  cdrcmple.o(.text)
    __scatterload                            0x08000975   Thumb Code    28  init.o(.text)
    __scatterload_rt2                        0x08000975   Thumb Code     0  init.o(.text)
    __aeabi_lasr                             0x08000999   Thumb Code    36  llsshr.o(.text)
    _ll_sshift_r                             0x08000999   Thumb Code     0  llsshr.o(.text)
    isspace                                  0x080009bd   Thumb Code    10  isspace_c.o(.text)
    __vfscanf                                0x080009c9   Thumb Code   810  _scanf.o(.text)
    _double_round                            0x08000cf9   Thumb Code    30  depilogue.o(.text)
    _double_epilogue                         0x08000d17   Thumb Code   156  depilogue.o(.text)
    __ctype_lookup                           0x08000db5   Thumb Code    34  ctype_c.o(.text)
    BusFault_Handler                         0x08000ddd   Thumb Code     2  stm32f4xx_it.o(i.BusFault_Handler)
    DMA1_Stream5_IRQHandler                  0x08000de1   Thumb Code     6  stm32f4xx_it.o(i.DMA1_Stream5_IRQHandler)
    DMA1_Stream7_IRQHandler                  0x08000ded   Thumb Code     6  stm32f4xx_it.o(i.DMA1_Stream7_IRQHandler)
    DMA2_Stream1_IRQHandler                  0x08000df9   Thumb Code     6  stm32f4xx_it.o(i.DMA2_Stream1_IRQHandler)
    DMA2_Stream2_IRQHandler                  0x08000e05   Thumb Code     6  stm32f4xx_it.o(i.DMA2_Stream2_IRQHandler)
    DebugMon_Handler                         0x08000eb5   Thumb Code     2  stm32f4xx_it.o(i.DebugMon_Handler)
    EXTI2_IRQHandler                         0x08000eb7   Thumb Code     6  stm32f4xx_it.o(i.EXTI2_IRQHandler)
    Error_Handler                            0x08000ebd   Thumb Code     4  main.o(i.Error_Handler)
    HAL_DMA_Abort                            0x08000ec1   Thumb Code   146  stm32f4xx_hal_dma.o(i.HAL_DMA_Abort)
    HAL_DMA_Abort_IT                         0x08000f53   Thumb Code    36  stm32f4xx_hal_dma.o(i.HAL_DMA_Abort_IT)
    HAL_DMA_IRQHandler                       0x08000f79   Thumb Code   412  stm32f4xx_hal_dma.o(i.HAL_DMA_IRQHandler)
    HAL_DMA_Init                             0x08001119   Thumb Code   206  stm32f4xx_hal_dma.o(i.HAL_DMA_Init)
    HAL_DMA_Start_IT                         0x080011ed   Thumb Code   110  stm32f4xx_hal_dma.o(i.HAL_DMA_Start_IT)
    HAL_GPIO_EXTI_Callback                   0x0800125b   Thumb Code     4  main.o(i.HAL_GPIO_EXTI_Callback)
    HAL_GPIO_EXTI_IRQHandler                 0x08001261   Thumb Code    18  stm32f4xx_hal_gpio.o(i.HAL_GPIO_EXTI_IRQHandler)
    HAL_GPIO_Init                            0x08001279   Thumb Code   450  stm32f4xx_hal_gpio.o(i.HAL_GPIO_Init)
    HAL_GetTick                              0x08001469   Thumb Code     6  stm32f4xx_hal.o(i.HAL_GetTick)
    HAL_IncTick                              0x08001475   Thumb Code    12  stm32f4xx_hal.o(i.HAL_IncTick)
    HAL_Init                                 0x08001485   Thumb Code    48  stm32f4xx_hal.o(i.HAL_Init)
    HAL_InitTick                             0x080014b9   Thumb Code    54  stm32f4xx_hal.o(i.HAL_InitTick)
    HAL_MspInit                              0x080014f9   Thumb Code    42  stm32f4xx_hal_msp.o(i.HAL_MspInit)
    HAL_NVIC_EnableIRQ                       0x08001529   Thumb Code    26  stm32f4xx_hal_cortex.o(i.HAL_NVIC_EnableIRQ)
    HAL_NVIC_SetPriority                     0x08001545   Thumb Code    60  stm32f4xx_hal_cortex.o(i.HAL_NVIC_SetPriority)
    HAL_NVIC_SetPriorityGrouping             0x08001585   Thumb Code    26  stm32f4xx_hal_cortex.o(i.HAL_NVIC_SetPriorityGrouping)
    HAL_RCC_ClockConfig                      0x080015a9   Thumb Code   288  stm32f4xx_hal_rcc.o(i.HAL_RCC_ClockConfig)
    HAL_RCC_GetPCLK1Freq                     0x080016dd   Thumb Code    20  stm32f4xx_hal_rcc.o(i.HAL_RCC_GetPCLK1Freq)
    HAL_RCC_GetPCLK2Freq                     0x080016fd   Thumb Code    20  stm32f4xx_hal_rcc.o(i.HAL_RCC_GetPCLK2Freq)
    HAL_RCC_GetSysClockFreq                  0x0800171d   Thumb Code    88  stm32f4xx_hal_rcc.o(i.HAL_RCC_GetSysClockFreq)
    HAL_RCC_OscConfig                        0x08001781   Thumb Code   856  stm32f4xx_hal_rcc.o(i.HAL_RCC_OscConfig)
    HAL_SYSTICK_Config                       0x08001aed   Thumb Code    40  stm32f4xx_hal_cortex.o(i.HAL_SYSTICK_Config)
    HAL_TIMEx_BreakCallback                  0x08001b15   Thumb Code     2  stm32f4xx_hal_tim_ex.o(i.HAL_TIMEx_BreakCallback)
    HAL_TIMEx_CommutCallback                 0x08001b17   Thumb Code     2  stm32f4xx_hal_tim_ex.o(i.HAL_TIMEx_CommutCallback)
    HAL_TIMEx_ConfigBreakDeadTime            0x08001b19   Thumb Code    84  stm32f4xx_hal_tim_ex.o(i.HAL_TIMEx_ConfigBreakDeadTime)
    HAL_TIMEx_MasterConfigSynchronization    0x08001b6d   Thumb Code   116  stm32f4xx_hal_tim_ex.o(i.HAL_TIMEx_MasterConfigSynchronization)
    HAL_TIM_Base_Init                        0x08001bfd   Thumb Code    90  stm32f4xx_hal_tim.o(i.HAL_TIM_Base_Init)
    HAL_TIM_Base_MspInit                     0x08001c59   Thumb Code    76  tim.o(i.HAL_TIM_Base_MspInit)
    HAL_TIM_Base_Start_IT                    0x08001cb1   Thumb Code   100  stm32f4xx_hal_tim.o(i.HAL_TIM_Base_Start_IT)
    HAL_TIM_ConfigClockSource                0x08001d31   Thumb Code   220  stm32f4xx_hal_tim.o(i.HAL_TIM_ConfigClockSource)
    HAL_TIM_Encoder_Init                     0x08001e0d   Thumb Code   164  stm32f4xx_hal_tim.o(i.HAL_TIM_Encoder_Init)
    HAL_TIM_Encoder_MspInit                  0x08001eb1   Thumb Code   178  tim.o(i.HAL_TIM_Encoder_MspInit)
    HAL_TIM_Encoder_Start                    0x08001f79   Thumb Code   142  stm32f4xx_hal_tim.o(i.HAL_TIM_Encoder_Start)
    HAL_TIM_IC_CaptureCallback               0x08002007   Thumb Code     2  stm32f4xx_hal_tim.o(i.HAL_TIM_IC_CaptureCallback)
    HAL_TIM_IRQHandler                       0x08002009   Thumb Code   304  stm32f4xx_hal_tim.o(i.HAL_TIM_IRQHandler)
    HAL_TIM_MspPostInit                      0x08002139   Thumb Code    72  tim.o(i.HAL_TIM_MspPostInit)
    HAL_TIM_OC_DelayElapsedCallback          0x0800218d   Thumb Code     2  stm32f4xx_hal_tim.o(i.HAL_TIM_OC_DelayElapsedCallback)
    HAL_TIM_PWM_ConfigChannel                0x0800218f   Thumb Code   204  stm32f4xx_hal_tim.o(i.HAL_TIM_PWM_ConfigChannel)
    HAL_TIM_PWM_Init                         0x0800225b   Thumb Code    90  stm32f4xx_hal_tim.o(i.HAL_TIM_PWM_Init)
    HAL_TIM_PWM_MspInit                      0x080022b5   Thumb Code     2  stm32f4xx_hal_tim.o(i.HAL_TIM_PWM_MspInit)
    HAL_TIM_PWM_PulseFinishedCallback        0x080022b7   Thumb Code     2  stm32f4xx_hal_tim.o(i.HAL_TIM_PWM_PulseFinishedCallback)
    HAL_TIM_PWM_Start                        0x080022b9   Thumb Code   172  stm32f4xx_hal_tim.o(i.HAL_TIM_PWM_Start)
    HAL_TIM_PeriodElapsedCallback            0x08002381   Thumb Code    24  main.o(i.HAL_TIM_PeriodElapsedCallback)
    HAL_TIM_TriggerCallback                  0x0800239d   Thumb Code     2  stm32f4xx_hal_tim.o(i.HAL_TIM_TriggerCallback)
    HAL_UARTEx_ReceiveToIdle_DMA             0x0800239f   Thumb Code    74  stm32f4xx_hal_uart.o(i.HAL_UARTEx_ReceiveToIdle_DMA)
    HAL_UARTEx_RxEventCallback               0x080023e9   Thumb Code     4  main.o(i.HAL_UARTEx_RxEventCallback)
    HAL_UART_ErrorCallback                   0x080023ed   Thumb Code     2  stm32f4xx_hal_uart.o(i.HAL_UART_ErrorCallback)
    HAL_UART_IRQHandler                      0x080023f1   Thumb Code   636  stm32f4xx_hal_uart.o(i.HAL_UART_IRQHandler)
    HAL_UART_Init                            0x08002671   Thumb Code   100  stm32f4xx_hal_uart.o(i.HAL_UART_Init)
    HAL_UART_MspInit                         0x080026d5   Thumb Code   640  usart.o(i.HAL_UART_MspInit)
    HAL_UART_RxCpltCallback                  0x08002985   Thumb Code     2  stm32f4xx_hal_uart.o(i.HAL_UART_RxCpltCallback)
    HAL_UART_RxHalfCpltCallback              0x08002987   Thumb Code     2  stm32f4xx_hal_uart.o(i.HAL_UART_RxHalfCpltCallback)
    HAL_UART_Transmit                        0x08002989   Thumb Code   160  stm32f4xx_hal_uart.o(i.HAL_UART_Transmit)
    HAL_UART_TxCpltCallback                  0x08002a29   Thumb Code     2  stm32f4xx_hal_uart.o(i.HAL_UART_TxCpltCallback)
    HardFault_Handler                        0x08002a2b   Thumb Code     2  stm32f4xx_it.o(i.HardFault_Handler)
    MX_DMA_Init                              0x08002a2d   Thumb Code   104  dma.o(i.MX_DMA_Init)
    MX_GPIO_Init                             0x08002a99   Thumb Code   136  gpio.o(i.MX_GPIO_Init)
    MX_TIM1_Init                             0x08002b29   Thumb Code   238  tim.o(i.MX_TIM1_Init)
    MX_TIM4_Init                             0x08002c21   Thumb Code   100  tim.o(i.MX_TIM4_Init)
    MX_TIM5_Init                             0x08002c8d   Thumb Code   100  tim.o(i.MX_TIM5_Init)
    MX_TIM7_Init                             0x08002cf9   Thumb Code    62  tim.o(i.MX_TIM7_Init)
    MX_UART5_Init                            0x08002d41   Thumb Code    48  usart.o(i.MX_UART5_Init)
    MX_USART1_UART_Init                      0x08002d79   Thumb Code    48  usart.o(i.MX_USART1_UART_Init)
    MX_USART2_UART_Init                      0x08002db1   Thumb Code    48  usart.o(i.MX_USART2_UART_Init)
    MX_USART6_UART_Init                      0x08002de9   Thumb Code    48  usart.o(i.MX_USART6_UART_Init)
    Maixcam_init                             0x08002e21   Thumb Code    64  maixcam.o(i.Maixcam_init)
    Maixcam_onRxEvent                        0x08002e71   Thumb Code    62  maixcam.o(i.Maixcam_onRxEvent)
    MemManage_Handler                        0x08002ebd   Thumb Code     2  stm32f4xx_it.o(i.MemManage_Handler)
    NMI_Handler                              0x08002ebf   Thumb Code     2  stm32f4xx_it.o(i.NMI_Handler)
    PendSV_Handler                           0x08002ec1   Thumb Code     2  stm32f4xx_it.o(i.PendSV_Handler)
    SVC_Handler                              0x08002ec3   Thumb Code     2  stm32f4xx_it.o(i.SVC_Handler)
    SysTick_Handler                          0x08002ec5   Thumb Code     4  stm32f4xx_it.o(i.SysTick_Handler)
    SystemClock_Config                       0x08002ec9   Thumb Code   142  main.o(i.SystemClock_Config)
    SystemInit                               0x08002f61   Thumb Code    12  system_stm32f4xx.o(i.SystemInit)
    TIM4_IRQHandler                          0x08002f71   Thumb Code     6  stm32f4xx_it.o(i.TIM4_IRQHandler)
    TIM5_IRQHandler                          0x08002f7d   Thumb Code     6  stm32f4xx_it.o(i.TIM5_IRQHandler)
    TIM7_IRQHandler                          0x08002f89   Thumb Code     6  stm32f4xx_it.o(i.TIM7_IRQHandler)
    TIM_Base_SetConfig                       0x08002f95   Thumb Code   164  stm32f4xx_hal_tim.o(i.TIM_Base_SetConfig)
    TIM_CCxChannelCmd                        0x08003065   Thumb Code    26  stm32f4xx_hal_tim.o(i.TIM_CCxChannelCmd)
    TIM_ETR_SetConfig                        0x0800307f   Thumb Code    20  stm32f4xx_hal_tim.o(i.TIM_ETR_SetConfig)
    TIM_OC2_SetConfig                        0x08003105   Thumb Code    98  stm32f4xx_hal_tim.o(i.TIM_OC2_SetConfig)
    UART5_IRQHandler                         0x08003271   Thumb Code     6  stm32f4xx_it.o(i.UART5_IRQHandler)
    UART_Start_Receive_DMA                   0x080035b1   Thumb Code   146  stm32f4xx_hal_uart.o(i.UART_Start_Receive_DMA)
    USART1_IRQHandler                        0x080036c5   Thumb Code     6  stm32f4xx_it.o(i.USART1_IRQHandler)
    USART2_IRQHandler                        0x080036d1   Thumb Code     6  stm32f4xx_it.o(i.USART2_IRQHandler)
    USART6_IRQHandler                        0x080036dd   Thumb Code     6  stm32f4xx_it.o(i.USART6_IRQHandler)
    UsageFault_Handler                       0x080036e9   Thumb Code     2  stm32f4xx_it.o(i.UsageFault_Handler)
    __0printf                                0x080036ed   Thumb Code    22  printfa.o(i.__0printf)
    __1printf                                0x080036ed   Thumb Code     0  printfa.o(i.__0printf)
    __2printf                                0x080036ed   Thumb Code     0  printfa.o(i.__0printf)
    __c89printf                              0x080036ed   Thumb Code     0  printfa.o(i.__0printf)
    printf                                   0x080036ed   Thumb Code     0  printfa.o(i.__0printf)
    __scatterload_copy                       0x0800372d   Thumb Code    14  handlers.o(i.__scatterload_copy)
    __scatterload_null                       0x0800373b   Thumb Code     2  handlers.o(i.__scatterload_null)
    __scatterload_zeroinit                   0x0800373d   Thumb Code    14  handlers.o(i.__scatterload_zeroinit)
    car_task_run                             0x08003fd9   Thumb Code   128  task.o(i.car_task_run)
    car_task_start                           0x08004225   Thumb Code    14  task.o(i.car_task_start)
    control_forward                          0x08004239   Thumb Code    18  control.o(i.control_forward)
    control_run_10ms                         0x08004251   Thumb Code   156  control.o(i.control_run_10ms)
    encoder_init                             0x0800432d   Thumb Code    56  encoder.o(i.encoder_init)
    encoder_read_info_10ms                   0x0800436d   Thumb Code   162  encoder.o(i.encoder_read_info_10ms)
    encoder_reset_distance                   0x08004425   Thumb Code    16  encoder.o(i.encoder_reset_distance)
    fputc                                    0x0800443d   Thumb Code    20  maixcam.o(i.fputc)
    key_onExti                               0x08004455   Thumb Code    12  key.o(i.key_onExti)
    main                                     0x08004465   Thumb Code    94  main.o(i.main)
    motor_load                               0x080044cd   Thumb Code    74  motor.o(i.motor_load)
    motor_start                              0x0800451d   Thumb Code    38  motor.o(i.motor_start)
    AHBPrescTable                            0x08004690   Data          16  system_stm32f4xx.o(.constdata)
    APBPrescTable                            0x080046a0   Data           8  system_stm32f4xx.o(.constdata)
    __ctype_categories                       0x080046a8   Data          64  ctype_c.o(.constdata)
    Region$$Table$$Base                      0x08004768   Number         0  anon$$obj.o(Region$$Table)
    Region$$Table$$Limit                     0x08004788   Number         0  anon$$obj.o(Region$$Table)
    maixcam_front                            0x20000010   Data           8  maixcam.o(.data)
    car_start_request                        0x20000018   Data           1  key.o(.data)
    encoder_left_distance                    0x2000001c   Data           4  encoder.o(.data)
    encoder_right_distance                   0x20000020   Data           4  encoder.o(.data)
    uwTickFreq                               0x20000024   Data           1  stm32f4xx_hal.o(.data)
    uwTickPrio                               0x20000028   Data           4  stm32f4xx_hal.o(.data)
    uwTick                                   0x2000002c   Data           4  stm32f4xx_hal.o(.data)
    SystemCoreClock                          0x20000030   Data           4  system_stm32f4xx.o(.data)
    __stdout                                 0x20000034   Data           4  stdout.o(.data)
    htim1                                    0x20000038   Data          72  tim.o(.bss)
    htim4                                    0x20000080   Data          72  tim.o(.bss)
    htim5                                    0x200000c8   Data          72  tim.o(.bss)
    htim7                                    0x20000110   Data          72  tim.o(.bss)
    huart5                                   0x20000158   Data          72  usart.o(.bss)
    huart1                                   0x200001a0   Data          72  usart.o(.bss)
    huart2                                   0x200001e8   Data          72  usart.o(.bss)
    huart6                                   0x20000230   Data          72  usart.o(.bss)
    hdma_uart5_tx                            0x20000278   Data          96  usart.o(.bss)
    hdma_usart1_rx                           0x200002d8   Data          96  usart.o(.bss)
    hdma_usart2_rx                           0x20000338   Data          96  usart.o(.bss)
    hdma_usart6_rx                           0x20000398   Data          96  usart.o(.bss)
    maixcam_side                             0x200003f8   Data          14  maixcam.o(.bss)
    __initial_sp                             0x20000908   Data           0  startup_stm32f407xx.o(STACK)



==============================================================================

Memory Map of the image

  Image Entry point : 0x08000189

  Load Region LR_IROM1 (Base: 0x08000000, Size: 0x000047c0, Max: 0x00080000, ABSOLUTE)

    Execution Region ER_IROM1 (Exec base: 0x08000000, Load base: 0x08000000, Size: 0x00004788, Max: 0x00080000, ABSOLUTE)

    Exec Addr    Load Addr    Size         Type   Attr      Idx    E Section Name        Object

    0x08000000   0x08000000   0x00000188   Data   RO          812    RESET               startup_stm32f407xx.o
    0x08000188   0x08000188   0x00000000   Code   RO         3341  * .ARM.Collect$$$$00000000  mc_w.l(entry.o)
    0x08000188   0x08000188   0x00000004   Code   RO         3623    .ARM.Collect$$$$00000001  mc_w.l(entry2.o)
    0x0800018c   0x0800018c   0x00000004   Code   RO         3626    .ARM.Collect$$$$00000004  mc_w.l(entry5.o)
    0x08000190   0x08000190   0x00000000   Code   RO         3628    .ARM.Collect$$$$00000008  mc_w.l(entry7b.o)
    0x08000190   0x08000190   0x00000000   Code   RO         3630    .ARM.Collect$$$$0000000A  mc_w.l(entry8b.o)
    0x08000190   0x08000190   0x00000008   Code   RO         3631    .ARM.Collect$$$$0000000B  mc_w.l(entry9a.o)
    0x08000198   0x08000198   0x00000004   Code   RO         3638    .ARM.Collect$$$$0000000E  mc_w.l(entry12b.o)
    0x0800019c   0x0800019c   0x00000000   Code   RO         3633    .ARM.Collect$$$$0000000F  mc_w.l(entry10a.o)
    0x0800019c   0x0800019c   0x00000000   Code   RO         3635    .ARM.Collect$$$$00000011  mc_w.l(entry11a.o)
    0x0800019c   0x0800019c   0x00000004   Code   RO         3624    .ARM.Collect$$$$00002712  mc_w.l(entry2.o)
    0x080001a0   0x080001a0   0x00000024   Code   RO          813    .text               startup_stm32f407xx.o
    0x080001c4   0x080001c4   0x00000062   Code   RO         3344    .text               mc_w.l(uldiv.o)
    0x08000226   0x08000226   0x00000024   Code   RO         3346    .text               mc_w.l(memcpya.o)
    0x0800024a   0x0800024a   0x00000024   Code   RO         3348    .text               mc_w.l(memseta.o)
    0x0800026e   0x0800026e   0x0000001c   Code   RO         3350    .text               mc_w.l(strcmp.o)
    0x0800028a   0x0800028a   0x00000002   PAD
    0x0800028c   0x0800028c   0x00000038   Code   RO         3615    .text               mc_w.l(__0sscanf.o)
    0x080002c4   0x080002c4   0x0000014c   Code   RO         3617    .text               mc_w.l(_scanf_int.o)
    0x08000410   0x08000410   0x000000e0   Code   RO         3619    .text               mc_w.l(_scanf_str.o)
    0x080004f0   0x080004f0   0x00000026   Code   RO         3621    .text               mf_w.l(f2d.o)
    0x08000516   0x08000516   0x0000002c   Code   RO         3640    .text               mc_w.l(uidiv.o)
    0x08000542   0x08000542   0x0000001e   Code   RO         3642    .text               mc_w.l(llshl.o)
    0x08000560   0x08000560   0x00000020   Code   RO         3644    .text               mc_w.l(llushr.o)
    0x08000580   0x08000580   0x0000001c   Code   RO         3646    .text               mc_w.l(_chval.o)
    0x0800059c   0x0800059c   0x00000028   Code   RO         3648    .text               mc_w.l(scanf_char.o)
    0x080005c4   0x080005c4   0x00000040   Code   RO         3650    .text               mc_w.l(_sgetc.o)
    0x08000604   0x08000604   0x00000000   Code   RO         3652    .text               mc_w.l(iusefp.o)
    0x08000604   0x08000604   0x0000014e   Code   RO         3653    .text               mf_w.l(dadd.o)
    0x08000752   0x08000752   0x000000e4   Code   RO         3655    .text               mf_w.l(dmul.o)
    0x08000836   0x08000836   0x000000de   Code   RO         3657    .text               mf_w.l(ddiv.o)
    0x08000914   0x08000914   0x00000030   Code   RO         3659    .text               mf_w.l(dfixul.o)
    0x08000944   0x08000944   0x00000030   Code   RO         3661    .text               mf_w.l(cdrcmple.o)
    0x08000974   0x08000974   0x00000024   Code   RO         3663    .text               mc_w.l(init.o)
    0x08000998   0x08000998   0x00000024   Code   RO         3665    .text               mc_w.l(llsshr.o)
    0x080009bc   0x080009bc   0x0000000a   Code   RO         3667    .text               mc_w.l(isspace_c.o)
    0x080009c6   0x080009c6   0x00000002   PAD
    0x080009c8   0x080009c8   0x00000330   Code   RO         3669    .text               mc_w.l(_scanf.o)
    0x08000cf8   0x08000cf8   0x000000ba   Code   RO         3671    .text               mf_w.l(depilogue.o)
    0x08000db2   0x08000db2   0x00000002   PAD
    0x08000db4   0x08000db4   0x00000028   Code   RO         3673    .text               mc_w.l(ctype_c.o)
    0x08000ddc   0x08000ddc   0x00000002   Code   RO          382    i.BusFault_Handler  stm32f4xx_it.o
    0x08000dde   0x08000dde   0x00000002   PAD
    0x08000de0   0x08000de0   0x0000000c   Code   RO          383    i.DMA1_Stream5_IRQHandler  stm32f4xx_it.o
    0x08000dec   0x08000dec   0x0000000c   Code   RO          384    i.DMA1_Stream7_IRQHandler  stm32f4xx_it.o
    0x08000df8   0x08000df8   0x0000000c   Code   RO          385    i.DMA2_Stream1_IRQHandler  stm32f4xx_it.o
    0x08000e04   0x08000e04   0x0000000c   Code   RO          386    i.DMA2_Stream2_IRQHandler  stm32f4xx_it.o
    0x08000e10   0x08000e10   0x00000028   Code   RO         2252    i.DMA_CalcBaseAndBitshift  stm32f4xx_hal_dma.o
    0x08000e38   0x08000e38   0x00000054   Code   RO         2253    i.DMA_CheckFifoParam  stm32f4xx_hal_dma.o
    0x08000e8c   0x08000e8c   0x00000028   Code   RO         2254    i.DMA_SetConfig     stm32f4xx_hal_dma.o
    0x08000eb4   0x08000eb4   0x00000002   Code   RO          387    i.DebugMon_Handler  stm32f4xx_it.o
    0x08000eb6   0x08000eb6   0x00000006   Code   RO          388    i.EXTI2_IRQHandler  stm32f4xx_it.o
    0x08000ebc   0x08000ebc   0x00000004   Code   RO            4    i.Error_Handler     main.o
    0x08000ec0   0x08000ec0   0x00000092   Code   RO         2255    i.HAL_DMA_Abort     stm32f4xx_hal_dma.o
    0x08000f52   0x08000f52   0x00000024   Code   RO         2256    i.HAL_DMA_Abort_IT  stm32f4xx_hal_dma.o
    0x08000f76   0x08000f76   0x00000002   PAD
    0x08000f78   0x08000f78   0x000001a0   Code   RO         2260    i.HAL_DMA_IRQHandler  stm32f4xx_hal_dma.o
    0x08001118   0x08001118   0x000000d4   Code   RO         2261    i.HAL_DMA_Init      stm32f4xx_hal_dma.o
    0x080011ec   0x080011ec   0x0000006e   Code   RO         2265    i.HAL_DMA_Start_IT  stm32f4xx_hal_dma.o
    0x0800125a   0x0800125a   0x00000004   Code   RO            5    i.HAL_GPIO_EXTI_Callback  main.o
    0x0800125e   0x0800125e   0x00000002   PAD
    0x08001260   0x08001260   0x00000018   Code   RO         2147    i.HAL_GPIO_EXTI_IRQHandler  stm32f4xx_hal_gpio.o
    0x08001278   0x08001278   0x000001f0   Code   RO         2148    i.HAL_GPIO_Init     stm32f4xx_hal_gpio.o
    0x08001468   0x08001468   0x0000000c   Code   RO         2698    i.HAL_GetTick       stm32f4xx_hal.o
    0x08001474   0x08001474   0x00000010   Code   RO         2704    i.HAL_IncTick       stm32f4xx_hal.o
    0x08001484   0x08001484   0x00000034   Code   RO         2705    i.HAL_Init          stm32f4xx_hal.o
    0x080014b8   0x080014b8   0x00000040   Code   RO         2706    i.HAL_InitTick      stm32f4xx_hal.o
    0x080014f8   0x080014f8   0x00000030   Code   RO          530    i.HAL_MspInit       stm32f4xx_hal_msp.o
    0x08001528   0x08001528   0x0000001a   Code   RO         2540    i.HAL_NVIC_EnableIRQ  stm32f4xx_hal_cortex.o
    0x08001542   0x08001542   0x00000002   PAD
    0x08001544   0x08001544   0x00000040   Code   RO         2546    i.HAL_NVIC_SetPriority  stm32f4xx_hal_cortex.o
    0x08001584   0x08001584   0x00000024   Code   RO         2547    i.HAL_NVIC_SetPriorityGrouping  stm32f4xx_hal_cortex.o
    0x080015a8   0x080015a8   0x00000134   Code   RO         1794    i.HAL_RCC_ClockConfig  stm32f4xx_hal_rcc.o
    0x080016dc   0x080016dc   0x00000020   Code   RO         1801    i.HAL_RCC_GetPCLK1Freq  stm32f4xx_hal_rcc.o
    0x080016fc   0x080016fc   0x00000020   Code   RO         1802    i.HAL_RCC_GetPCLK2Freq  stm32f4xx_hal_rcc.o
    0x0800171c   0x0800171c   0x00000064   Code   RO         1803    i.HAL_RCC_GetSysClockFreq  stm32f4xx_hal_rcc.o
    0x08001780   0x08001780   0x0000036c   Code   RO         1806    i.HAL_RCC_OscConfig  stm32f4xx_hal_rcc.o
    0x08001aec   0x08001aec   0x00000028   Code   RO         2551    i.HAL_SYSTICK_Config  stm32f4xx_hal_cortex.o
    0x08001b14   0x08001b14   0x00000002   Code   RO         1526    i.HAL_TIMEx_BreakCallback  stm32f4xx_hal_tim_ex.o
    0x08001b16   0x08001b16   0x00000002   Code   RO         1527    i.HAL_TIMEx_CommutCallback  stm32f4xx_hal_tim_ex.o
    0x08001b18   0x08001b18   0x00000054   Code   RO         1529    i.HAL_TIMEx_ConfigBreakDeadTime  stm32f4xx_hal_tim_ex.o
    0x08001b6c   0x08001b6c   0x00000090   Code   RO         1545    i.HAL_TIMEx_MasterConfigSynchronization  stm32f4xx_hal_tim_ex.o
    0x08001bfc   0x08001bfc   0x0000005a   Code   RO          822    i.HAL_TIM_Base_Init  stm32f4xx_hal_tim.o
    0x08001c56   0x08001c56   0x00000002   PAD
    0x08001c58   0x08001c58   0x00000058   Code   RO          245    i.HAL_TIM_Base_MspInit  tim.o
    0x08001cb0   0x08001cb0   0x00000080   Code   RO          827    i.HAL_TIM_Base_Start_IT  stm32f4xx_hal_tim.o
    0x08001d30   0x08001d30   0x000000dc   Code   RO          831    i.HAL_TIM_ConfigClockSource  stm32f4xx_hal_tim.o
    0x08001e0c   0x08001e0c   0x000000a4   Code   RO          843    i.HAL_TIM_Encoder_Init  stm32f4xx_hal_tim.o
    0x08001eb0   0x08001eb0   0x000000c8   Code   RO          247    i.HAL_TIM_Encoder_MspInit  tim.o
    0x08001f78   0x08001f78   0x0000008e   Code   RO          846    i.HAL_TIM_Encoder_Start  stm32f4xx_hal_tim.o
    0x08002006   0x08002006   0x00000002   Code   RO          856    i.HAL_TIM_IC_CaptureCallback  stm32f4xx_hal_tim.o
    0x08002008   0x08002008   0x00000130   Code   RO          870    i.HAL_TIM_IRQHandler  stm32f4xx_hal_tim.o
    0x08002138   0x08002138   0x00000054   Code   RO          248    i.HAL_TIM_MspPostInit  tim.o
    0x0800218c   0x0800218c   0x00000002   Code   RO          873    i.HAL_TIM_OC_DelayElapsedCallback  stm32f4xx_hal_tim.o
    0x0800218e   0x0800218e   0x000000cc   Code   RO          894    i.HAL_TIM_PWM_ConfigChannel  stm32f4xx_hal_tim.o
    0x0800225a   0x0800225a   0x0000005a   Code   RO          897    i.HAL_TIM_PWM_Init  stm32f4xx_hal_tim.o
    0x080022b4   0x080022b4   0x00000002   Code   RO          899    i.HAL_TIM_PWM_MspInit  stm32f4xx_hal_tim.o
    0x080022b6   0x080022b6   0x00000002   Code   RO          900    i.HAL_TIM_PWM_PulseFinishedCallback  stm32f4xx_hal_tim.o
    0x080022b8   0x080022b8   0x000000c8   Code   RO          902    i.HAL_TIM_PWM_Start  stm32f4xx_hal_tim.o
    0x08002380   0x08002380   0x0000001c   Code   RO            6    i.HAL_TIM_PeriodElapsedCallback  main.o
    0x0800239c   0x0800239c   0x00000002   Code   RO          913    i.HAL_TIM_TriggerCallback  stm32f4xx_hal_tim.o
    0x0800239e   0x0800239e   0x0000004a   Code   RO         2953    i.HAL_UARTEx_ReceiveToIdle_DMA  stm32f4xx_hal_uart.o
    0x080023e8   0x080023e8   0x00000004   Code   RO            7    i.HAL_UARTEx_RxEventCallback  main.o
    0x080023ec   0x080023ec   0x00000002   Code   RO         2969    i.HAL_UART_ErrorCallback  stm32f4xx_hal_uart.o
    0x080023ee   0x080023ee   0x00000002   PAD
    0x080023f0   0x080023f0   0x00000280   Code   RO         2972    i.HAL_UART_IRQHandler  stm32f4xx_hal_uart.o
    0x08002670   0x08002670   0x00000064   Code   RO         2973    i.HAL_UART_Init     stm32f4xx_hal_uart.o
    0x080026d4   0x080026d4   0x000002b0   Code   RO          323    i.HAL_UART_MspInit  usart.o
    0x08002984   0x08002984   0x00000002   Code   RO         2979    i.HAL_UART_RxCpltCallback  stm32f4xx_hal_uart.o
    0x08002986   0x08002986   0x00000002   Code   RO         2980    i.HAL_UART_RxHalfCpltCallback  stm32f4xx_hal_uart.o
    0x08002988   0x08002988   0x000000a0   Code   RO         2981    i.HAL_UART_Transmit  stm32f4xx_hal_uart.o
    0x08002a28   0x08002a28   0x00000002   Code   RO         2984    i.HAL_UART_TxCpltCallback  stm32f4xx_hal_uart.o
    0x08002a2a   0x08002a2a   0x00000002   Code   RO          389    i.HardFault_Handler  stm32f4xx_it.o
    0x08002a2c   0x08002a2c   0x0000006c   Code   RO          220    i.MX_DMA_Init       dma.o
    0x08002a98   0x08002a98   0x00000090   Code   RO          196    i.MX_GPIO_Init      gpio.o
    0x08002b28   0x08002b28   0x000000f8   Code   RO          249    i.MX_TIM1_Init      tim.o
    0x08002c20   0x08002c20   0x0000006c   Code   RO          250    i.MX_TIM4_Init      tim.o
    0x08002c8c   0x08002c8c   0x0000006c   Code   RO          251    i.MX_TIM5_Init      tim.o
    0x08002cf8   0x08002cf8   0x00000048   Code   RO          252    i.MX_TIM7_Init      tim.o
    0x08002d40   0x08002d40   0x00000038   Code   RO          324    i.MX_UART5_Init     usart.o
    0x08002d78   0x08002d78   0x00000038   Code   RO          325    i.MX_USART1_UART_Init  usart.o
    0x08002db0   0x08002db0   0x00000038   Code   RO          326    i.MX_USART2_UART_Init  usart.o
    0x08002de8   0x08002de8   0x00000038   Code   RO          327    i.MX_USART6_UART_Init  usart.o
    0x08002e20   0x08002e20   0x00000050   Code   RO          635    i.Maixcam_init      maixcam.o
    0x08002e70   0x08002e70   0x0000004c   Code   RO          636    i.Maixcam_onRxEvent  maixcam.o
    0x08002ebc   0x08002ebc   0x00000002   Code   RO          390    i.MemManage_Handler  stm32f4xx_it.o
    0x08002ebe   0x08002ebe   0x00000002   Code   RO          391    i.NMI_Handler       stm32f4xx_it.o
    0x08002ec0   0x08002ec0   0x00000002   Code   RO          392    i.PendSV_Handler    stm32f4xx_it.o
    0x08002ec2   0x08002ec2   0x00000002   Code   RO          393    i.SVC_Handler       stm32f4xx_it.o
    0x08002ec4   0x08002ec4   0x00000004   Code   RO          394    i.SysTick_Handler   stm32f4xx_it.o
    0x08002ec8   0x08002ec8   0x00000098   Code   RO            8    i.SystemClock_Config  main.o
    0x08002f60   0x08002f60   0x00000010   Code   RO         3307    i.SystemInit        system_stm32f4xx.o
    0x08002f70   0x08002f70   0x0000000c   Code   RO          395    i.TIM4_IRQHandler   stm32f4xx_it.o
    0x08002f7c   0x08002f7c   0x0000000c   Code   RO          396    i.TIM5_IRQHandler   stm32f4xx_it.o
    0x08002f88   0x08002f88   0x0000000c   Code   RO          397    i.TIM7_IRQHandler   stm32f4xx_it.o
    0x08002f94   0x08002f94   0x000000d0   Code   RO          915    i.TIM_Base_SetConfig  stm32f4xx_hal_tim.o
    0x08003064   0x08003064   0x0000001a   Code   RO          916    i.TIM_CCxChannelCmd  stm32f4xx_hal_tim.o
    0x0800307e   0x0800307e   0x00000014   Code   RO          926    i.TIM_ETR_SetConfig  stm32f4xx_hal_tim.o
    0x08003092   0x08003092   0x00000010   Code   RO          927    i.TIM_ITRx_SetConfig  stm32f4xx_hal_tim.o
    0x080030a2   0x080030a2   0x00000002   PAD
    0x080030a4   0x080030a4   0x00000060   Code   RO          928    i.TIM_OC1_SetConfig  stm32f4xx_hal_tim.o
    0x08003104   0x08003104   0x0000006c   Code   RO          929    i.TIM_OC2_SetConfig  stm32f4xx_hal_tim.o
    0x08003170   0x08003170   0x00000068   Code   RO          930    i.TIM_OC3_SetConfig  stm32f4xx_hal_tim.o
    0x080031d8   0x080031d8   0x00000050   Code   RO          931    i.TIM_OC4_SetConfig  stm32f4xx_hal_tim.o
    0x08003228   0x08003228   0x00000022   Code   RO          933    i.TIM_TI1_ConfigInputStage  stm32f4xx_hal_tim.o
    0x0800324a   0x0800324a   0x00000024   Code   RO          935    i.TIM_TI2_ConfigInputStage  stm32f4xx_hal_tim.o
    0x0800326e   0x0800326e   0x00000002   PAD
    0x08003270   0x08003270   0x0000000c   Code   RO          398    i.UART5_IRQHandler  stm32f4xx_it.o
    0x0800327c   0x0800327c   0x0000000e   Code   RO         2986    i.UART_DMAAbortOnError  stm32f4xx_hal_uart.o
    0x0800328a   0x0800328a   0x0000004a   Code   RO         2987    i.UART_DMAError     stm32f4xx_hal_uart.o
    0x080032d4   0x080032d4   0x00000086   Code   RO         2988    i.UART_DMAReceiveCplt  stm32f4xx_hal_uart.o
    0x0800335a   0x0800335a   0x0000001e   Code   RO         2990    i.UART_DMARxHalfCplt  stm32f4xx_hal_uart.o
    0x08003378   0x08003378   0x0000004e   Code   RO         2996    i.UART_EndRxTransfer  stm32f4xx_hal_uart.o
    0x080033c6   0x080033c6   0x0000001c   Code   RO         2997    i.UART_EndTxTransfer  stm32f4xx_hal_uart.o
    0x080033e2   0x080033e2   0x000000c2   Code   RO         2998    i.UART_Receive_IT   stm32f4xx_hal_uart.o
    0x080034a4   0x080034a4   0x0000010c   Code   RO         2999    i.UART_SetConfig    stm32f4xx_hal_uart.o
    0x080035b0   0x080035b0   0x000000a0   Code   RO         3000    i.UART_Start_Receive_DMA  stm32f4xx_hal_uart.o
    0x08003650   0x08003650   0x00000072   Code   RO         3002    i.UART_WaitOnFlagUntilTimeout  stm32f4xx_hal_uart.o
    0x080036c2   0x080036c2   0x00000002   PAD
    0x080036c4   0x080036c4   0x0000000c   Code   RO          399    i.USART1_IRQHandler  stm32f4xx_it.o
    0x080036d0   0x080036d0   0x0000000c   Code   RO          400    i.USART2_IRQHandler  stm32f4xx_it.o
    0x080036dc   0x080036dc   0x0000000c   Code   RO          401    i.USART6_IRQHandler  stm32f4xx_it.o
    0x080036e8   0x080036e8   0x00000002   Code   RO          402    i.UsageFault_Handler  stm32f4xx_it.o
    0x080036ea   0x080036ea   0x00000002   PAD
    0x080036ec   0x080036ec   0x00000020   Code   RO         3587    i.__0printf         mc_w.l(printfa.o)
    0x0800370c   0x0800370c   0x00000020   Code   RO         2553    i.__NVIC_SetPriority  stm32f4xx_hal_cortex.o
    0x0800372c   0x0800372c   0x0000000e   Code   RO         3678    i.__scatterload_copy  mc_w.l(handlers.o)
    0x0800373a   0x0800373a   0x00000002   Code   RO         3679    i.__scatterload_null  mc_w.l(handlers.o)
    0x0800373c   0x0800373c   0x0000000e   Code   RO         3680    i.__scatterload_zeroinit  mc_w.l(handlers.o)
    0x0800374a   0x0800374a   0x00000002   PAD
    0x0800374c   0x0800374c   0x00000184   Code   RO         3594    i._fp_digits        mc_w.l(printfa.o)
    0x080038d0   0x080038d0   0x000006b4   Code   RO         3595    i._printf_core      mc_w.l(printfa.o)
    0x08003f84   0x08003f84   0x00000024   Code   RO         3596    i._printf_post_padding  mc_w.l(printfa.o)
    0x08003fa8   0x08003fa8   0x0000002e   Code   RO         3597    i._printf_pre_padding  mc_w.l(printfa.o)
    0x08003fd6   0x08003fd6   0x00000002   PAD
    0x08003fd8   0x08003fd8   0x0000024c   Code   RO          554    i.car_task_run      task.o
    0x08004224   0x08004224   0x00000014   Code   RO          555    i.car_task_start    task.o
    0x08004238   0x08004238   0x00000018   Code   RO          600    i.control_forward   control.o
    0x08004250   0x08004250   0x000000b0   Code   RO          601    i.control_run_10ms  control.o
    0x08004300   0x08004300   0x0000000a   Code   RO          760    i.encoder_get_num   encoder.o
    0x0800430a   0x0800430a   0x00000002   PAD
    0x0800430c   0x0800430c   0x00000020   Code   RO          761    i.encoder_get_speed  encoder.o
    0x0800432c   0x0800432c   0x00000040   Code   RO          762    i.encoder_init      encoder.o
    0x0800436c   0x0800436c   0x000000b8   Code   RO          763    i.encoder_read_info_10ms  encoder.o
    0x08004424   0x08004424   0x00000018   Code   RO          764    i.encoder_reset_distance  encoder.o
    0x0800443c   0x0800443c   0x00000018   Code   RO          637    i.fputc             maixcam.o
    0x08004454   0x08004454   0x00000010   Code   RO          691    i.key_onExti        key.o
    0x08004464   0x08004464   0x00000068   Code   RO            9    i.main              main.o
    0x080044cc   0x080044cc   0x00000050   Code   RO          721    i.motor_load        motor.o
    0x0800451c   0x0800451c   0x0000002c   Code   RO          722    i.motor_start       motor.o
    0x08004548   0x08004548   0x0000008c   Code   RO          638    i.parse_front       maixcam.o
    0x080045d4   0x080045d4   0x000000b4   Code   RO          639    i.parse_side        maixcam.o
    0x08004688   0x08004688   0x00000008   Data   RO         2267    .constdata          stm32f4xx_hal_dma.o
    0x08004690   0x08004690   0x00000010   Data   RO         3308    .constdata          system_stm32f4xx.o
    0x080046a0   0x080046a0   0x00000008   Data   RO         3309    .constdata          system_stm32f4xx.o
    0x080046a8   0x080046a8   0x00000040   Data   RO         3674    .constdata          mc_w.l(ctype_c.o)
    0x080046e8   0x080046e8   0x0000007d   Data   RO          765    .conststring        encoder.o
    0x08004765   0x08004765   0x00000003   PAD
    0x08004768   0x08004768   0x00000020   Data   RO         3676    Region$$Table       anon$$obj.o


    Execution Region RW_IRAM1 (Exec base: 0x20000000, Load base: 0x08004788, Size: 0x00000908, Max: 0x0001c000, ABSOLUTE)

    Exec Addr    Load Addr    Size         Type   Attr      Idx    E Section Name        Object

    0x20000000   0x08004788   0x00000008   Data   RW          556    .data               task.o
    0x20000008   0x08004790   0x00000008   Data   RW          602    .data               control.o
    0x20000010   0x08004798   0x00000008   Data   RW          641    .data               maixcam.o
    0x20000018   0x080047a0   0x00000001   Data   RW          692    .data               key.o
    0x20000019   0x080047a1   0x00000003   PAD
    0x2000001c   0x080047a4   0x00000008   Data   RW          766    .data               encoder.o
    0x20000024   0x080047ac   0x0000000c   Data   RW         2712    .data               stm32f4xx_hal.o
    0x20000030   0x080047b8   0x00000004   Data   RW         3310    .data               system_stm32f4xx.o
    0x20000034   0x080047bc   0x00000004   Data   RW         3639    .data               mc_w.l(stdout.o)
    0x20000038        -       0x00000120   Zero   RW          253    .bss                tim.o
    0x20000158        -       0x000002a0   Zero   RW          328    .bss                usart.o
    0x200003f8        -       0x0000010e   Zero   RW          640    .bss                maixcam.o
    0x20000506   0x080047c0   0x00000002   PAD
    0x20000508        -       0x00000400   Zero   RW          810    STACK               startup_stm32f407xx.o


    Execution Region RW_IRAM2 (Exec base: 0x2001c000, Load base: 0x080047c0, Size: 0x00000000, Max: 0x00004000, ABSOLUTE)

    **** No section assigned to this execution region ****


==============================================================================

Image component sizes


      Code (inc. data)   RO Data    RW Data    ZI Data      Debug   Object Name

       200         26          0          8          0       1373   control.o
       108          4          0          0          0        830   dma.o
       314         44        125          8          0       3372   encoder.o
       144          8          0          0          0        987   gpio.o
        16          4          0          1          0        929   key.o
       296         24          0          0          0     695954   main.o
       500        106          0          8        270       4352   maixcam.o
       124         12          0          0          0       1095   motor.o
        36          8        392          0       1024        800   startup_stm32f407xx.o
       144         24          0         12          0       8753   stm32f4xx_hal.o
       198         14          0          0          0      33807   stm32f4xx_hal_cortex.o
      1084         16          8          0          0       7322   stm32f4xx_hal_dma.o
       520         52          0          0          0       2147   stm32f4xx_hal_gpio.o
        48          6          0          0          0        854   stm32f4xx_hal_msp.o
      1348         76          0          0          0       5236   stm32f4xx_hal_rcc.o
      2280        136          0          0          0      18957   stm32f4xx_hal_tim.o
       232         28          0          0          0       3289   stm32f4xx_hal_tim_ex.o
      2076         28          0          0          0      14893   stm32f4xx_hal_uart.o
       158         66          0          0          0       9758   stm32f4xx_it.o
        16          4         24          4          0       1115   system_stm32f4xx.o
       608        470          0          8          0       1816   task.o
       908         82          0          0        288       5205   tim.o
       912         80          0          0        672       4230   usart.o

    ----------------------------------------------------------------------
     12292       1318        584         52       2256     827074   Object Totals
         0          0         32          0          0          0   (incl. Generated)
        22          0          3          3          2          0   (incl. Padding)

    ----------------------------------------------------------------------

      Code (inc. data)   RO Data    RW Data    ZI Data      Debug   Library Member Name

        56          8          0          0          0         84   __0sscanf.o
        28          0          0          0          0         68   _chval.o
       816          6          0          0          0        112   _scanf.o
       332          0          0          0          0         96   _scanf_int.o
       224          0          0          0          0         96   _scanf_str.o
        64          0          0          0          0         84   _sgetc.o
        40          6         64          0          0         68   ctype_c.o
         0          0          0          0          0          0   entry.o
         0          0          0          0          0          0   entry10a.o
         0          0          0          0          0          0   entry11a.o
         4          0          0          0          0          0   entry12b.o
         8          4          0          0          0          0   entry2.o
         4          0          0          0          0          0   entry5.o
         0          0          0          0          0          0   entry7b.o
         0          0          0          0          0          0   entry8b.o
         8          4          0          0          0          0   entry9a.o
        30          0          0          0          0          0   handlers.o
        36          8          0          0          0         68   init.o
        10          0          0          0          0         68   isspace_c.o
         0          0          0          0          0          0   iusefp.o
        30          0          0          0          0         68   llshl.o
        36          0          0          0          0         68   llsshr.o
        32          0          0          0          0         68   llushr.o
        36          0          0          0          0         68   memcpya.o
        36          0          0          0          0        108   memseta.o
      2218         90          0          0          0        464   printfa.o
        40          8          0          0          0         84   scanf_char.o
         0          0          0          4          0          0   stdout.o
        28          0          0          0          0         76   strcmp.o
        44          0          0          0          0         80   uidiv.o
        98          0          0          0          0         92   uldiv.o
        48          0          0          0          0         68   cdrcmple.o
       334          0          0          0          0        148   dadd.o
       222          0          0          0          0        100   ddiv.o
       186          0          0          0          0        176   depilogue.o
        48          0          0          0          0         68   dfixul.o
       228          0          0          0          0         96   dmul.o
        38          0          0          0          0         68   f2d.o

    ----------------------------------------------------------------------
      5372        134         64          4          0       2644   Library Totals
        10          0          0          0          0          0   (incl. Padding)

    ----------------------------------------------------------------------

      Code (inc. data)   RO Data    RW Data    ZI Data      Debug   Library Name

      4258        134         64          4          0       1920   mc_w.l
      1104          0          0          0          0        724   mf_w.l

    ----------------------------------------------------------------------
      5372        134         64          4          0       2644   Library Totals

    ----------------------------------------------------------------------

==============================================================================


      Code (inc. data)   RO Data    RW Data    ZI Data      Debug   

     17664       1452        648         56       2256     816318   Grand Totals
     17664       1452        648         56       2256     816318   ELF Image Totals
     17664       1452        648         56          0          0   ROM Totals

==============================================================================

    Total RO  Size (Code + RO Data)                18312 (  17.88kB)
    Total RW  Size (RW Data + ZI Data)              2312 (   2.26kB)
    Total ROM Size (Code + RO Data + RW Data)      18368 (  17.94kB)

==============================================================================

